../Core/Src/main.c:93:5:main	8	static
../Core/Src/main.c:180:6:SystemClock_Config	88	static
../Core/Src/main.c:222:13:MX_TIM2_Init	64	static
../Core/Src/main.c:285:13:MX_GPIO_Init	40	static
../Core/Src/main.c:310:5:funct_aux	4	static
../Core/Src/main.c:313:7:pwm_to_ang	16	static
../Core/Src/main.c:322:6:move_servo_to	16	static
../Core/Src/main.c:330:6:move_servo_fw	16	static
../Core/Src/main.c:338:6:move_servo_bw	16	static
../Core/Src/main.c:356:6:StartServo01	16	static
../Core/Src/main.c:379:6:StartServo02	16	static
../Core/Src/main.c:402:6:StartStopServos	16	static
../Core/Src/main.c:427:6:HAL_TIM_PeriodElapsedCallback	16	static
../Core/Src/main.c:444:6:Error_Handler	4	static,ignoring_inline_asm
