../Core/Src/main.c:96:5:main	8	static
../Core/Src/main.c:181:6:SystemClock_Config	88	static
../Core/Src/main.c:223:13:MX_ADC1_Init	24	static
../Core/Src/main.c:282:13:MX_DMA_Init	16	static
../Core/Src/main.c:300:13:MX_GPIO_Init	16	static
../Core/Src/main.c:313:6:HAL_ADC_ConvCpltCallback	16	static
../Core/Src/main.c:326:6:StartTaskADC1	16	static
../Core/Src/main.c:345:6:StartTaskADC2	16	static
../Core/Src/main.c:364:6:StartTaskADC_conversionComplete	16	static
../Core/Src/main.c:384:6:HAL_TIM_PeriodElapsedCallback	16	static
../Core/Src/main.c:401:6:Error_Handler	4	static,ignoring_inline_asm
