../Core/Src/main.c:138:5:main	8	static
../Core/Src/main.c:235:6:SystemClock_Config	88	static
../Core/Src/main.c:277:13:MX_ADC1_Init	24	static
../Core/Src/main.c:338:13:MX_TIM2_Init	64	static
../Core/Src/main.c:401:13:MX_USART2_UART_Init	8	static
../Core/Src/main.c:432:13:MX_DMA_Init	16	static
../Core/Src/main.c:457:13:MX_GPIO_Init	40	static
../Core/Src/main.c:488:5:get_servo_pos_liveExpression	16	static
../Core/Src/main.c:497:7:pwm_to_ang	16	static
../Core/Src/main.c:506:6:move_servo_to	16	static
../Core/Src/main.c:514:6:move_servo_fw	16	static
../Core/Src/main.c:522:6:move_servo_bw	16	static
../Core/Src/main.c:539:6:StartTaskADC	16	static
../Core/Src/main.c:558:6:StartGripperOpenTask	16	static
../Core/Src/main.c:595:6:StartGripperClose	16	static
../Core/Src/main.c:615:6:StartGripperGoToTask	16	static
../Core/Src/main.c:634:6:StartTaskRosserial	16	static
../Core/Src/main.c:655:6:HAL_TIM_PeriodElapsedCallback	16	static
../Core/Src/main.c:672:6:Error_Handler	4	static,ignoring_inline_asm
