../Core/Src/main.c:92:5:main	8	static
../Core/Src/main.c:179:6:SystemClock_Config	88	static
../Core/Src/main.c:221:13:MX_TIM2_Init	64	static
../Core/Src/main.c:284:13:MX_GPIO_Init	40	static
../Core/Src/main.c:309:5:funct_aux	4	static
../Core/Src/main.c:312:6:move_servo_to	16	static
../Core/Src/main.c:320:6:move_servo_fw	16	static
../Core/Src/main.c:328:6:move_servo_bw	16	static
../Core/Src/main.c:346:6:StartServo01	16	static
../Core/Src/main.c:368:6:StartServo02	16	static
../Core/Src/main.c:390:6:StartStopServos	16	static
../Core/Src/main.c:415:6:HAL_TIM_PeriodElapsedCallback	16	static
../Core/Src/main.c:432:6:Error_Handler	4	static,ignoring_inline_asm
