23:49:48 **** Build of configuration Debug for project servo ****
make -j8 all 
arm-none-eabi-gcc "../Core/Src/main.c" -mcpu=cortex-m4 -std=gnu11 -g3 -DDEBUG -DUSE_HAL_DRIVER -DSTM32F401xC -c -I../Core/Inc -I../Drivers/STM32F4xx_HAL_Driver/Inc -I../Drivers/STM32F4xx_HAL_Driver/Inc/Legacy -I../Drivers/CMSIS/Device/ST/STM32F4xx/Include -I../Drivers/CMSIS/Include -O0 -ffunction-sections -fdata-sections -Wall -fstack-usage -fcyclomatic-complexity -MMD -MP -MF"Core/Src/main.d" -MT"Core/Src/main.o" --specs=nano.specs -mfpu=fpv4-sp-d16 -mfloat-abi=hard -mthumb -o "Core/Src/main.o"
arm-none-eabi-g++ -o "servo.elf" @"objects.list"   -mcpu=cortex-m4 -T"C:\Users\HP\STM32CubeIDE\workspace_1.12.0\gripper_ws\servo\STM32F401CCUX_FLASH.ld" --specs=nosys.specs -Wl,-Map="servo.map" -Wl,--gc-sections -static --specs=nano.specs -mfpu=fpv4-sp-d16 -mfloat-abi=hard -mthumb -Wl,--start-group -lc -lm -lstdc++ -lsupc++ -Wl,--end-group
Finished building target: servo.elf
 
arm-none-eabi-size   servo.elf 
arm-none-eabi-objdump -h -S  servo.elf  > "servo.list"
   text	   data	    bss	    dec	    hex	filename
  10264	     20	   1644	  11928	   2e98	servo.elf
Finished building: default.size.stdout
 
Finished building: servo.list
 

23:49:53 Build Finished. 0 errors, 0 warnings. (took 5s.160ms)

