Archive member included to satisfy reference by file (symbol)

c:/st/stm32cubeide_1.12.0/stm32cubeide/plugins/com.st.stm32cube.ide.mcu.externaltools.gnu-tools-for-stm32.10.3-2021.10.win32_1.0.200.202301161003/tools/bin/../lib/gcc/arm-none-eabi/10.3.1/../../../../arm-none-eabi/lib/thumb/v7e-m+fp/hard\libstdc++_nano.a(pure.o)
                              ./Core/Src/main.o (__cxa_pure_virtual)
c:/st/stm32cubeide_1.12.0/stm32cubeide/plugins/com.st.stm32cube.ide.mcu.externaltools.gnu-tools-for-stm32.10.3-2021.10.win32_1.0.200.202301161003/tools/bin/../lib/gcc/arm-none-eabi/10.3.1/../../../../arm-none-eabi/lib/thumb/v7e-m+fp/hard\libstdc++_nano.a(allocator-inst.o)
                              ./Core/Src/main.o (std::allocator<char>::allocator())
c:/st/stm32cubeide_1.12.0/stm32cubeide/plugins/com.st.stm32cube.ide.mcu.externaltools.gnu-tools-for-stm32.10.3-2021.10.win32_1.0.200.202301161003/tools/bin/../lib/gcc/arm-none-eabi/10.3.1/../../../../arm-none-eabi/lib/thumb/v7e-m+fp/hard\libstdc++_nano.a(functexcept.o)
                              ./Core/Src/main.o (std::__throw_logic_error(char const*))
c:/st/stm32cubeide_1.12.0/stm32cubeide/plugins/com.st.stm32cube.ide.mcu.externaltools.gnu-tools-for-stm32.10.3-2021.10.win32_1.0.200.202301161003/tools/bin/../lib/gcc/arm-none-eabi/10.3.1/../../../../arm-none-eabi/lib/thumb/v7e-m+fp/hard\libstdc++_nano.a(snprintf_lite.o)
                              c:/st/stm32cubeide_1.12.0/stm32cubeide/plugins/com.st.stm32cube.ide.mcu.externaltools.gnu-tools-for-stm32.10.3-2021.10.win32_1.0.200.202301161003/tools/bin/../lib/gcc/arm-none-eabi/10.3.1/../../../../arm-none-eabi/lib/thumb/v7e-m+fp/hard\libstdc++_nano.a(functexcept.o) (__gnu_cxx::__snprintf_lite(char*, unsigned int, char const*, std::__va_list))
c:/st/stm32cubeide_1.12.0/stm32cubeide/plugins/com.st.stm32cube.ide.mcu.externaltools.gnu-tools-for-stm32.10.3-2021.10.win32_1.0.200.202301161003/tools/bin/../lib/gcc/arm-none-eabi/10.3.1/../../../../arm-none-eabi/lib/thumb/v7e-m+fp/hard\libstdc++_nano.a(string-inst.o)
                              ./Core/Src/main.o (std::__cxx11::basic_string<char, std::char_traits<char>, std::allocator<char> >::_M_data(char*))
c:/st/stm32cubeide_1.12.0/stm32cubeide/plugins/com.st.stm32cube.ide.mcu.externaltools.gnu-tools-for-stm32.10.3-2021.10.win32_1.0.200.202301161003/tools/bin/../lib/gcc/arm-none-eabi/10.3.1/../../../../arm-none-eabi/lib/thumb/v7e-m+fp/hard\libstdc++_nano.a(del_op.o)
                              c:/st/stm32cubeide_1.12.0/stm32cubeide/plugins/com.st.stm32cube.ide.mcu.externaltools.gnu-tools-for-stm32.10.3-2021.10.win32_1.0.200.202301161003/tools/bin/../lib/gcc/arm-none-eabi/10.3.1/../../../../arm-none-eabi/lib/thumb/v7e-m+fp/hard\libstdc++_nano.a(string-inst.o) (operator delete(void*))
c:/st/stm32cubeide_1.12.0/stm32cubeide/plugins/com.st.stm32cube.ide.mcu.externaltools.gnu-tools-for-stm32.10.3-2021.10.win32_1.0.200.202301161003/tools/bin/../lib/gcc/arm-none-eabi/10.3.1/../../../../arm-none-eabi/lib/thumb/v7e-m+fp/hard\libstdc++_nano.a(eh_terminate.o)
                              c:/st/stm32cubeide_1.12.0/stm32cubeide/plugins/com.st.stm32cube.ide.mcu.externaltools.gnu-tools-for-stm32.10.3-2021.10.win32_1.0.200.202301161003/tools/bin/../lib/gcc/arm-none-eabi/10.3.1/../../../../arm-none-eabi/lib/thumb/v7e-m+fp/hard\libstdc++_nano.a(pure.o) (std::terminate())
c:/st/stm32cubeide_1.12.0/stm32cubeide/plugins/com.st.stm32cube.ide.mcu.externaltools.gnu-tools-for-stm32.10.3-2021.10.win32_1.0.200.202301161003/tools/bin/../lib/gcc/arm-none-eabi/10.3.1/../../../../arm-none-eabi/lib/thumb/v7e-m+fp/hard\libstdc++_nano.a(eh_unex_handler.o)
                              c:/st/stm32cubeide_1.12.0/stm32cubeide/plugins/com.st.stm32cube.ide.mcu.externaltools.gnu-tools-for-stm32.10.3-2021.10.win32_1.0.200.202301161003/tools/bin/../lib/gcc/arm-none-eabi/10.3.1/../../../../arm-none-eabi/lib/thumb/v7e-m+fp/hard\libstdc++_nano.a(eh_terminate.o) (__cxxabiv1::__unexpected_handler)
c:/st/stm32cubeide_1.12.0/stm32cubeide/plugins/com.st.stm32cube.ide.mcu.externaltools.gnu-tools-for-stm32.10.3-2021.10.win32_1.0.200.202301161003/tools/bin/../lib/gcc/arm-none-eabi/10.3.1/../../../../arm-none-eabi/lib/thumb/v7e-m+fp/hard\libstdc++_nano.a(new_op.o)
                              c:/st/stm32cubeide_1.12.0/stm32cubeide/plugins/com.st.stm32cube.ide.mcu.externaltools.gnu-tools-for-stm32.10.3-2021.10.win32_1.0.200.202301161003/tools/bin/../lib/gcc/arm-none-eabi/10.3.1/../../../../arm-none-eabi/lib/thumb/v7e-m+fp/hard\libstdc++_nano.a(string-inst.o) (operator new(unsigned int))
c:/st/stm32cubeide_1.12.0/stm32cubeide/plugins/com.st.stm32cube.ide.mcu.externaltools.gnu-tools-for-stm32.10.3-2021.10.win32_1.0.200.202301161003/tools/bin/../lib/gcc/arm-none-eabi/10.3.1/../../../../arm-none-eabi/lib/thumb/v7e-m+fp/hard\libstdc++_nano.a(eh_term_handler.o)
[...]
Memory Configuration

Name             Origin             Length             Attributes
RAM              0x0000000020000000 0x0000000000010000 xrw
FLASH            0x0000000008000000 0x0000000000040000 xr
*default*        0x0000000000000000 0xffffffffffffffff

Linker script and memory map

LOAD c:/st/stm32cubeide_1.12.0/stm32cubeide/plugins/com.st.stm32cube.ide.mcu.externaltools.gnu-tools-for-stm32.10.3-2021.10.win32_1.0.200.202301161003/tools/bin/../lib/gcc/arm-none-eabi/10.3.1/thumb/v7e-m+fp/hard/crti.o
LOAD c:/st/stm32cubeide_1.12.0/stm32cubeide/plugins/com.st.stm32cube.ide.mcu.externaltools.gnu-tools-for-stm32.10.3-2021.10.win32_1.0.200.202301161003/tools/bin/../lib/gcc/arm-none-eabi/10.3.1/thumb/v7e-m+fp/hard/crtbegin.o
LOAD c:/st/stm32cubeide_1.12.0/stm32cubeide/plugins/com.st.stm32cube.ide.mcu.externaltools.gnu-tools-for-stm32.10.3-2021.10.win32_1.0.200.202301161003/tools/bin/../lib/gcc/arm-none-eabi/10.3.1/../../../../arm-none-eabi/lib/thumb/v7e-m+fp/hard/crt0.o
LOAD ./Core/Inc/duration.o
LOAD ./Core/Inc/time.o
LOAD ./Core/Src/freertos.o
LOAD ./Core/Src/main.o
LOAD ./Core/Src/stm32f4xx_hal_msp.o
LOAD ./Core/Src/stm32f4xx_hal_timebase_tim.o
LOAD ./Core/Src/stm32f4xx_it.o
LOAD ./Core/Src/syscalls.o
LOAD ./Core/Src/sysmem.o
LOAD ./Core/Src/system_stm32f4xx.o
LOAD ./Core/Startup/startup_stm32f401ccux.o
LOAD ./Drivers/STM32F4xx_HAL_Driver/Src/stm32f4xx_hal.o
LOAD ./Drivers/STM32F4xx_HAL_Driver/Src/stm32f4xx_hal_adc.o
LOAD ./Drivers/STM32F4xx_HAL_Driver/Src/stm32f4xx_hal_adc_ex.o
LOAD ./Drivers/STM32F4xx_HAL_Driver/Src/stm32f4xx_hal_cortex.o
LOAD ./Drivers/STM32F4xx_HAL_Driver/Src/stm32f4xx_hal_dma.o
LOAD ./Drivers/STM32F4xx_HAL_Driver/Src/stm32f4xx_hal_dma_ex.o
LOAD ./Drivers/STM32F4xx_HAL_Driver/Src/stm32f4xx_hal_exti.o
LOAD ./Drivers/STM32F4xx_HAL_Driver/Src/stm32f4xx_hal_flash.o
LOAD ./Drivers/STM32F4xx_HAL_Driver/Src/stm32f4xx_hal_flash_ex.o
LOAD ./Drivers/STM32F4xx_HAL_Driver/Src/stm32f4xx_hal_flash_ramfunc.o
LOAD ./Drivers/STM32F4xx_HAL_Driver/Src/stm32f4xx_hal_gpio.o
LOAD ./Drivers/STM32F4xx_HAL_Driver/Src/stm32f4xx_hal_pwr.o
LOAD ./Drivers/STM32F4xx_HAL_Driver/Src/stm32f4xx_hal_pwr_ex.o
LOAD ./Drivers/STM32F4xx_HAL_Driver/Src/stm32f4xx_hal_rcc.o
LOAD ./Drivers/STM32F4xx_HAL_Driver/Src/stm32f4xx_hal_rcc_ex.o
LOAD ./Drivers/STM32F4xx_HAL_Driver/Src/stm32f4xx_hal_tim.o
LOAD ./Drivers/STM32F4xx_HAL_Driver/Src/stm32f4xx_hal_tim_ex.o
LOAD ./Drivers/STM32F4xx_HAL_Driver/Src/stm32f4xx_hal_uart.o
LOAD ./Drivers/STM32F4xx_HAL_Driver/Src/stm32f4xx_ll_adc.o
LOAD ./Middlewares/Third_Party/FreeRTOS/Source/CMSIS_RTOS_V2/cmsis_os2.o
LOAD ./Middlewares/Third_Party/FreeRTOS/Source/croutine.o
LOAD ./Middlewares/Third_Party/FreeRTOS/Source/event_groups.o
LOAD ./Middlewares/Third_Party/FreeRTOS/Source/list.o
LOAD ./Middlewares/Third_Party/FreeRTOS/Source/queue.o
LOAD ./Middlewares/Third_Party/FreeRTOS/Source/stream_buffer.o
LOAD ./Middlewares/Third_Party/FreeRTOS/Source/tasks.o
LOAD ./Middlewares/Third_Party/FreeRTOS/Source/timers.o
LOAD ./Middlewares/Third_Party/FreeRTOS/Source/portable/GCC/ARM_CM4F/port.o
LOAD ./Middlewares/Third_Party/FreeRTOS/Source/portable/MemMang/heap_4.o
START GROUP
LOAD c:/st/stm32cubeide_1.12.0/stm32cubeide/plugins/com.st.stm32cube.ide.mcu.externaltools.gnu-tools-for-stm32.10.3-2021.10.win32_1.0.200.202301161003/tools/bin/../lib/gcc/arm-none-eabi/10.3.1/../../../../arm-none-eabi/lib/thumb/v7e-m+fp/hard\libstdc++_nano.a
LOAD c:/st/stm32cubeide_1.12.0/stm32cubeide/plugins/com.st.stm32cube.ide.mcu.externaltools.gnu-tools-for-stm32.10.3-2021.10.win32_1.0.200.202301161003/tools/bin/../lib/gcc/arm-none-eabi/10.3.1/../../../../arm-none-eabi/lib/thumb/v7e-m+fp/hard\libsupc++_nano.a
END GROUP
LOAD c:/st/stm32cubeide_1.12.0/stm32cubeide/plugins/com.st.stm32cube.ide.mcu.externaltools.gnu-tools-for-stm32.10.3-2021.10.win32_1.0.200.202301161003/tools/bin/../lib/gcc/arm-none-eabi/10.3.1/../../../../arm-none-eabi/lib/thumb/v7e-m+fp/hard\libstdc++_nano.a
LOAD c:/st/stm32cubeide_1.12.0/stm32cubeide/plugins/com.st.stm32cube.ide.mcu.externaltools.gnu-tools-for-stm32.10.3-2021.10.win32_1.0.200.202301161003/tools/bin/../lib/gcc/arm-none-eabi/10.3.1/../../../../arm-none-eabi/lib/thumb/v7e-m+fp/hard\libm.a
LOAD c:/st/stm32cubeide_1.12.0/stm32cubeide/plugins/com.st.stm32cube.ide.mcu.externaltools.gnu-tools-for-stm32.10.3-2021.10.win32_1.0.200.202301161003/tools/bin/../lib/gcc/arm-none-eabi/10.3.1/../../../../arm-none-eabi/lib/thumb/v7e-m+fp/hard\libc_nano.a
START GROUP
LOAD c:/st/stm32cubeide_1.12.0/stm32cubeide/plugins/com.st.stm32cube.ide.mcu.externaltools.gnu-tools-for-stm32.10.3-2021.10.win32_1.0.200.202301161003/tools/bin/../lib/gcc/arm-none-eabi/10.3.1/thumb/v7e-m+fp/hard\libgcc.a
LOAD c:/st/stm32cubeide_1.12.0/stm32cubeide/plugins/com.st.stm32cube.ide.mcu.externaltools.gnu-tools-for-stm32.10.3-2021.10.win32_1.0.200.202301161003/tools/bin/../lib/gcc/arm-none-eabi/10.3.1/../../../../arm-none-eabi/lib/thumb/v7e-m+fp/hard\libc_nano.a
END GROUP
START GROUP
LOAD c:/st/stm32cubeide_1.12.0/stm32cubeide/plugins/com.st.stm32cube.ide.mcu.externaltools.gnu-tools-for-stm32.10.3-2021.10.win32_1.0.200.202301161003/tools/bin/../lib/gcc/arm-none-eabi/10.3.1/thumb/v7e-m+fp/hard\libgcc.a
LOAD c:/st/stm32cubeide_1.12.0/stm32cubeide/plugins/com.st.stm32cube.ide.mcu.externaltools.gnu-tools-for-stm32.10.3-2021.10.win32_1.0.200.202301161003/tools/bin/../lib/gcc/arm-none-eabi/10.3.1/../../../../arm-none-eabi/lib/thumb/v7e-m+fp/hard\libc_nano.a
LOAD c:/st/stm32cubeide_1.12.0/stm32cubeide/plugins/com.st.stm32cube.ide.mcu.externaltools.gnu-tools-for-stm32.10.3-2021.10.win32_1.0.200.202301161003/tools/bin/../lib/gcc/arm-none-eabi/10.3.1/../../../../arm-none-eabi/lib/thumb/v7e-m+fp/hard\libnosys.a
END GROUP
START GROUP
LOAD c:/st/stm32cubeide_1.12.0/stm32cubeide/plugins/com.st.stm32cube.ide.mcu.externaltools.gnu-tools-for-stm32.10.3-2021.10.win32_1.0.200.202301161003/tools/bin/../lib/gcc/arm-none-eabi/10.3.1/thumb/v7e-m+fp/hard\libgcc.a
LOAD c:/st/stm32cubeide_1.12.0/stm32cubeide/plugins/com.st.stm32cube.ide.mcu.externaltools.gnu-tools-for-stm32.10.3-2021.10.win32_1.0.200.202301161003/tools/bin/../lib/gcc/arm-none-eabi/10.3.1/../../../../arm-none-eabi/lib/thumb/v7e-m+fp/hard\libc_nano.a
LOAD c:/st/stm32cubeide_1.12.0/stm32cubeide/plugins/com.st.stm32cube.ide.mcu.externaltools.gnu-tools-for-stm32.10.3-2021.10.win32_1.0.200.202301161003/tools/bin/../lib/gcc/arm-none-eabi/10.3.1/../../../../arm-none-eabi/lib/thumb/v7e-m+fp/hard\libnosys.a
END GROUP
LOAD c:/st/stm32cubeide_1.12.0/stm32cubeide/plugins/com.st.stm32cube.ide.mcu.externaltools.gnu-tools-for-stm32.10.3-2021.10.win32_1.0.200.202301161003/tools/bin/../lib/gcc/arm-none-eabi/10.3.1/thumb/v7e-m+fp/hard/crtend.o
LOAD c:/st/stm32cubeide_1.12.0/stm32cubeide/plugins/com.st.stm32cube.ide.mcu.externaltools.gnu-tools-for-stm32.10.3-2021.10.win32_1.0.200.202301161003/tools/bin/../lib/gcc/arm-none-eabi/10.3.1/thumb/v7e-m+fp/hard/crtn.o
                0x0000000020010000                _estack = (ORIGIN (RAM) + LENGTH (RAM))
                0x0000000000000200                _Min_Heap_Size = 0x200
                0x0000000000000400                _Min_Stack_Size = 0x400

.isr_vector     0x0000000008000000      0x194
                0x0000000008000000                . = ALIGN (0x4)
 *(.isr_vector)
 .isr_vector    0x0000000008000000      0x194 ./Core/Startup/startup_stm32f401ccux.o
                0x0000000008000000                g_pfnVectors
                0x0000000008000194                . = ALIGN (0x4)

.text           0x00000000080001a0     0xbf18
                0x00000000080001a0                . = ALIGN (0x4)
 *(.text)
 .text          0x00000000080001a0       0x40 c:/st/stm32cubeide_1.12.0/stm32cubeide/plugins/com.st.stm32cube.ide.mcu.externaltools.gnu-tools-for-stm32.10.3-2021.10.win32_1.0.200.202301161003/tools/bin/../lib/gcc/arm-none-eabi/10.3.1/thumb/v7e-m+fp/hard/crtbegin.o
 .text          0x00000000080001e0       0xa0 c:/st/stm32cubeide_1.12.0/stm32cubeide/plugins/com.st.stm32cube.ide.mcu.externaltools.gnu-tools-for-stm32.10.3-2021.10.win32_1.0.200.202301161003/tools/bin/../lib/gcc/arm-none-eabi/10.3.1/../../../../arm-none-eabi/lib/thumb/v7e-m+fp/hard\libc_nano.a(lib_a-memchr.o)
                0x00000000080001e0                memchr
 .text          0x0000000008000280       0x10 c:/st/stm32cubeide_1.12.0/stm32cubeide/plugins/com.st.stm32cube.ide.mcu.externaltools.gnu-tools-for-stm32.10.3-2021.10.win32_1.0.200.202301161003/tools/bin/../lib/gcc/arm-none-eabi/10.3.1/../../../../arm-none-eabi/lib/thumb/v7e-m+fp/hard\libc_nano.a(lib_a-strlen.o)
                0x0000000008000280                strlen
 .text          0x0000000008000290      0x254 c:/st/stm32cubeide_1.12.0/stm32cubeide/plugins/com.st.stm32cube.ide.mcu.externaltools.gnu-tools-for-stm32.10.3-2021.10.win32_1.0.200.202301161003/tools/bin/../lib/gcc/arm-none-eabi/10.3.1/thumb/v7e-m+fp/hard\libgcc.a(_arm_muldf3.o)
                0x0000000008000290                __muldf3
                0x0000000008000290                __aeabi_dmul
 .text          0x00000000080004e4      0x378 c:/st/stm32cubeide_1.12.0/stm32cubeide/plugins/com.st.stm32cube.ide.mcu.externaltools.gnu-tools-for-stm32.10.3-2021.10.win32_1.0.200.202301161003/tools/bin/../lib/gcc/arm-none-eabi/10.3.1/thumb/v7e-m+fp/hard\libgcc.a(_arm_addsubdf3.o)
                0x00000000080004e4                __aeabi_drsub
                0x00000000080004ec                __aeabi_dsub
                0x00000000080004ec                __subdf3
                0x00000000080004f0                __aeabi_dadd
                0x00000000080004f0                __adddf3
                0x0000000008000768                __floatunsidf
                0x0000000008000768                __aeabi_ui2d
                0x0000000008000788                __floatsidf
                0x0000000008000788                __aeabi_i2d
                0x00000000080007ac                __aeabi_f2d
                0x00000000080007ac                __extendsfdf2
                0x00000000080007f0                __floatundidf
                0x00000000080007f0                __aeabi_ul2d
                0x0000000008000800                __floatdidf
                0x0000000008000800                __aeabi_l2d
 .text          0x000000000800085c       0xa0 c:/st/stm32cubeide_1.12.0/stm32cubeide/plugins/com.st.stm32cube.ide.mcu.externaltools.gnu-tools-for-stm32.10.3-2021.10.win32_1.0.200.202301161003/tools/bin/../lib/gcc/arm-none-eabi/10.3.1/thumb/v7e-m+fp/hard\libgcc.a(_arm_truncdfsf2.o)
                0x000000000800085c                __truncdfsf2
                0x000000000800085c                __aeabi_d2f
 .text          0x00000000080008fc       0x30 c:/st/stm32cubeide_1.12.0/stm32cubeide/plugins/com.st.stm32cube.ide.mcu.externaltools.gnu-tools-for-stm32.10.3-2021.10.win32_1.0.200.202301161003/tools/bin/../lib/gcc/arm-none-eabi/10.3.1/thumb/v7e-m+fp/hard\libgcc.a(_aeabi_uldivmod.o)
                0x00000000080008fc                __aeabi_uldivmod
 .text          0x000000000800092c      0x2d0 c:/st/stm32cubeide_1.12.0/stm32cubeide/plugins/com.st.stm32cube.ide.mcu.externaltools.gnu-tools-for-stm32.10.3-2021.10.win32_1.0.200.202301161003/tools/bin/../lib/gcc/arm-none-eabi/10.3.1/thumb/v7e-m+fp/hard\libgcc.a(_udivmoddi4.o)
                0x000000000800092c                __udivmoddi4
 .text          0x0000000008000bfc        0x4 c:/st/stm32cubeide_1.12.0/stm32cubeide/plugins/com.st.stm32cube.ide.mcu.externaltools.gnu-tools-for-stm32.10.3-2021.10.win32_1.0.200.202301161003/tools/bin/../lib/gcc/arm-none-eabi/10.3.1/thumb/v7e-m+fp/hard\libgcc.a(_dvmd_tls.o)
                0x0000000008000bfc                __aeabi_idiv0
                0x0000000008000bfc                __aeabi_ldiv0
 *(.text*)
 .text._ZN3ros16normalizeSecNSecERmS0_
                0x0000000008000c00       0x58 ./Core/Inc/time.o
                0x0000000008000c00                ros::normalizeSecNSec(unsigned long&, unsigned long&)
 .text._ZN3ros4TimeC2Ev
                0x0000000008000c58       0x22 ./Core/Src/main.o
                0x0000000008000c58                ros::Time::Time()
                0x0000000008000c58                ros::Time::Time()
 *fill*         0x0000000008000c7a        0x2 
 .text._ZN3ros3MsgC2Ev
                0x0000000008000c7c       0x20 ./Core/Src/main.o
                0x0000000008000c7c                ros::Msg::Msg()
                0x0000000008000c7c                ros::Msg::Msg()
 .text._ZN8std_msgs4TimeC2Ev
                0x0000000008000c9c       0x30 ./Core/Src/main.o
                0x0000000008000c9c                std_msgs::Time::Time()
                0x0000000008000c9c                std_msgs::Time::Time()
 .text._ZNK8std_msgs4Time9serializeEPh
                0x0000000008000ccc       0xb0 ./Core/Src/main.o
                0x0000000008000ccc                std_msgs::Time::serialize(unsigned char*) const
 .text._ZN8std_msgs4Time11deserializeEPh
                0x0000000008000d7c       0xc8 ./Core/Src/main.o
                0x0000000008000d7c                std_msgs::Time::deserialize(unsigned char*)
 .text._ZN8std_msgs4Time7getTypeEv
                0x0000000008000e44       0x1c ./Core/Src/main.o
                0x0000000008000e44                std_msgs::Time::getType()
 .text._ZN8std_msgs4Time6getMD5Ev
                0x0000000008000e60       0x1c ./Core/Src/main.o
                0x0000000008000e60                std_msgs::Time::getMD5()
 .text._ZN14rosserial_msgs9TopicInfoC2Ev
                0x0000000008000e7c       0x48 ./Core/Src/main.o
                0x0000000008000e7c                rosserial_msgs::TopicInfo::TopicInfo()
                0x0000000008000e7c                rosserial_msgs::TopicInfo::TopicInfo()
 .text._ZNK14rosserial_msgs9TopicInfo9serializeEPh
                0x0000000008000ec4      0x136 ./Core/Src/main.o
                0x0000000008000ec4                rosserial_msgs::TopicInfo::serialize(unsigned char*) const
 .text._ZN14rosserial_msgs9TopicInfo11deserializeEPh
                0x0000000008000ffa      0x1d0 ./Core/Src/main.o
                0x0000000008000ffa                rosserial_msgs::TopicInfo::deserialize(unsigned char*)
 *fill*         0x00000000080011ca        0x2 
 .text._ZN14rosserial_msgs9TopicInfo7getTypeEv
                0x00000000080011cc       0x1c ./Core/Src/main.o
                0x00000000080011cc                rosserial_msgs::TopicInfo::getType()
 .text._ZN14rosserial_msgs9TopicInfo6getMD5Ev
                0x00000000080011e8       0x1c ./Core/Src/main.o
                0x00000000080011e8                rosserial_msgs::TopicInfo::getMD5()
 .text._ZN14rosserial_msgs3LogC2Ev
                0x0000000008001204       0x34 ./Core/Src/main.o
                0x0000000008001204                rosserial_msgs::Log::Log()
                0x0000000008001204                rosserial_msgs::Log::Log()
 .text._ZNK14rosserial_msgs3Log9serializeEPh
                0x0000000008001238       0x64 ./Core/Src/main.o
                0x0000000008001238                rosserial_msgs::Log::serialize(unsigned char*) const
 .text._ZN14rosserial_msgs3Log11deserializeEPh
                0x000000000800129c       0x90 ./Core/Src/main.o
                0x000000000800129c                rosserial_msgs::Log::deserialize(unsigned char*)
 .text._ZN14rosserial_msgs3Log7getTypeEv
                0x000000000800132c       0x1c ./Core/Src/main.o
                0x000000000800132c                rosserial_msgs::Log::getType()
 .text._ZN14rosserial_msgs3Log6getMD5Ev
                0x0000000008001348       0x1c ./Core/Src/main.o
                0x0000000008001348                rosserial_msgs::Log::getMD5()
 .text._ZN14rosserial_msgs20RequestParamResponseC2Ev
                0x0000000008001364       0x48 ./Core/Src/main.o
                0x0000000008001364                rosserial_msgs::RequestParamResponse::RequestParamResponse()
                0x0000000008001364                rosserial_msgs::RequestParamResponse::RequestParamResponse()
 .text._ZNK14rosserial_msgs20RequestParamResponse9serializeEPh
                0x00000000080013ac      0x222 ./Core/Src/main.o
                0x00000000080013ac                rosserial_msgs::RequestParamResponse::serialize(unsigned char*) const
 .text._ZN14rosserial_msgs20RequestParamResponse11deserializeEPh
                0x00000000080015ce      0x2e2 ./Core/Src/main.o
                0x00000000080015ce                rosserial_msgs::RequestParamResponse::deserialize(unsigned char*)
 .text._ZN14rosserial_msgs20RequestParamResponse7getTypeEv
                0x00000000080018b0       0x1c ./Core/Src/main.o
                0x00000000080018b0                rosserial_msgs::RequestParamResponse::getType()
 .text._ZN14rosserial_msgs20RequestParamResponse6getMD5Ev
                0x00000000080018cc       0x1c ./Core/Src/main.o
                0x00000000080018cc                rosserial_msgs::RequestParamResponse::getMD5()
 .text._ZN3ros9PublisherC2EPKcPNS_3MsgEi
                0x00000000080018e8       0x2e ./Core/Src/main.o
                0x00000000080018e8                ros::Publisher::Publisher(char const*, ros::Msg*, int)
                0x00000000080018e8                ros::Publisher::Publisher(char const*, ros::Msg*, int)
 .text._ZN3ros9Publisher7publishEPKNS_3MsgE
                0x0000000008001916       0x28 ./Core/Src/main.o
                0x0000000008001916                ros::Publisher::publish(ros::Msg const*)
 .text._ZN3ros9Publisher15getEndpointTypeEv
                0x000000000800193e       0x18 ./Core/Src/main.o
                0x000000000800193e                ros::Publisher::getEndpointType()
 .text._ZN13STM32Hardware10getRdmaIndEv
                0x0000000008001956       0x26 ./Core/Src/main.o
                0x0000000008001956                STM32Hardware::getRdmaInd()
 .text._ZN13STM32HardwareC2Ev
                0x000000000800197c       0x38 ./Core/Src/main.o
                0x000000000800197c                STM32Hardware::STM32Hardware()
                0x000000000800197c                STM32Hardware::STM32Hardware()
 .text._ZN13STM32Hardware4initEv
                0x00000000080019b4       0x16 ./Core/Src/main.o
                0x00000000080019b4                STM32Hardware::init()
 .text._ZN13STM32Hardware10reset_rbufEv
                0x00000000080019ca       0x22 ./Core/Src/main.o
                0x00000000080019ca                STM32Hardware::reset_rbuf()
 .text._ZN13STM32Hardware4readEv
                0x00000000080019ec       0x5a ./Core/Src/main.o
                0x00000000080019ec                STM32Hardware::read()
 *fill*         0x0000000008001a46        0x2 
 .text._ZN13STM32Hardware5flushEv
                0x0000000008001a48       0xe8 ./Core/Src/main.o
                0x0000000008001a48                STM32Hardware::flush()
 .text._ZN13STM32Hardware5writeEPhi
                0x0000000008001b30       0x8c ./Core/Src/main.o
                0x0000000008001b30                STM32Hardware::write(unsigned char*, int)
 .text._ZN13STM32Hardware4timeEv
                0x0000000008001bbc       0x16 ./Core/Src/main.o
                0x0000000008001bbc                STM32Hardware::time()
 *fill*         0x0000000008001bd2        0x2 
 .text._ZN8std_msgs6StringC2Ev
                0x0000000008001bd4       0x30 ./Core/Src/main.o
                0x0000000008001bd4                std_msgs::String::String()
                0x0000000008001bd4                std_msgs::String::String()
 .text._ZNK8std_msgs6String9serializeEPh
                0x0000000008001c04       0x52 ./Core/Src/main.o
                0x0000000008001c04                std_msgs::String::serialize(unsigned char*) const
 .text._ZN8std_msgs6String11deserializeEPh
                0x0000000008001c56       0x7e ./Core/Src/main.o
                0x0000000008001c56                std_msgs::String::deserialize(unsigned char*)
 .text._ZN8std_msgs6String7getTypeEv
                0x0000000008001cd4       0x1c ./Core/Src/main.o
                0x0000000008001cd4                std_msgs::String::getType()
 .text._ZN8std_msgs6String6getMD5Ev
                0x0000000008001cf0       0x1c ./Core/Src/main.o
                0x0000000008001cf0                std_msgs::String::getMD5()
 .text._ZNSt7__cxx119to_stringEf
                0x0000000008001d0c       0x3c ./Core/Src/main.o
                0x0000000008001d0c                std::__cxx11::to_string(float)
 .text.main     0x0000000008001d48      0x150 ./Core/Src/main.o
                0x0000000008001d48                main
 .text._Z18SystemClock_Configv
                0x0000000008001e98       0xd4 ./Core/Src/main.o
                0x0000000008001e98                SystemClock_Config()
 .text._ZL12MX_ADC1_Initv
                0x0000000008001f6c       0xdc ./Core/Src/main.o
 .text._ZL12MX_TIM2_Initv
                0x0000000008002048      0x13c ./Core/Src/main.o
 .text._ZL19MX_USART2_UART_Initv
                0x0000000008002184       0x5c ./Core/Src/main.o
 .text._ZL11MX_DMA_Initv
                0x00000000080021e0       0x7c ./Core/Src/main.o
 .text._ZL12MX_GPIO_Initv
                0x000000000800225c       0xc4 ./Core/Src/main.o
 .text._Z28get_servo_pos_liveExpressionv
                0x0000000008002320       0x30 ./Core/Src/main.o
                0x0000000008002320                get_servo_pos_liveExpression()
 .text._Z10pwm_to_angi
                0x0000000008002350       0xb8 ./Core/Src/main.o
                0x0000000008002350                pwm_to_ang(int)
 .text._Z10ang_to_pwmi
                0x0000000008002408       0x54 ./Core/Src/main.o
                0x0000000008002408                ang_to_pwm(int)
 .text._Z13move_servo_toii
                0x000000000800245c       0x34 ./Core/Src/main.o
                0x000000000800245c                move_servo_to(int, int)
 .text._Z13move_servo_fwi
                0x0000000008002490       0x3e ./Core/Src/main.o
                0x0000000008002490                move_servo_fw(int)
 .text._Z13move_servo_bwi
                0x00000000080024ce       0x3e ./Core/Src/main.o
                0x00000000080024ce                move_servo_bw(int)
 .text.HAL_UART_TxCpltCallback
                0x000000000800250c       0x24 ./Core/Src/main.o
                0x000000000800250c                HAL_UART_TxCpltCallback
 .text.HAL_UART_RxCpltCallback
                0x0000000008002530       0x24 ./Core/Src/main.o
                0x0000000008002530                HAL_UART_RxCpltCallback
 .text._Z5setupv
                0x0000000008002554       0x38 ./Core/Src/main.o
                0x0000000008002554                setup()
 .text._Z4loopv
                0x000000000800258c       0x3c ./Core/Src/main.o
                0x000000000800258c                loop()
 .text._Z15response_methodv
                0x00000000080025c8       0x48 ./Core/Src/main.o
                0x00000000080025c8                response_method()
 .text._Z11str_act_msgRKN8std_msgs6StringE
                0x0000000008002610       0x30 ./Core/Src/main.o
                0x0000000008002610                str_act_msg(std_msgs::String const&)
 .text._Z12StartTaskADCPv
                0x0000000008002640       0x44 ./Core/Src/main.o
                0x0000000008002640                StartTaskADC(void*)
 .text._Z20StartGripperOpenTaskPv
                0x0000000008002684       0x7c ./Core/Src/main.o
                0x0000000008002684                StartGripperOpenTask(void*)
 .text._Z21StartGripperCloseTaskPv
                0x0000000008002700       0xc4 ./Core/Src/main.o
                0x0000000008002700                StartGripperCloseTask(void*)
 .text._Z20StartGripperGoToTaskPv
                0x00000000080027c4       0xe0 ./Core/Src/main.o
                0x00000000080027c4                StartGripperGoToTask(void*)
 .text._Z18StartTaskRosserialPv
                0x00000000080028a4      0x124 ./Core/Src/main.o
                0x00000000080028a4                StartTaskRosserial(void*)
 .text._Z15StartButtonTaskPv
                0x00000000080029c8       0x34 ./Core/Src/main.o
                0x00000000080029c8                StartButtonTask(void*)
 .text._Z14StartArtUpTaskPv
                0x00000000080029fc       0x84 ./Core/Src/main.o
                0x00000000080029fc                StartArtUpTask(void*)
 .text._Z16StartArtDownTaskPv
                0x0000000008002a80       0x7c ./Core/Src/main.o
                0x0000000008002a80                StartArtDownTask(void*)
 .text._Z16StartArtGoToTaskPv
                0x0000000008002afc       0xe4 ./Core/Src/main.o
                0x0000000008002afc                StartArtGoToTask(void*)
 .text.HAL_TIM_PeriodElapsedCallback
                0x0000000008002be0       0x24 ./Core/Src/main.o
                0x0000000008002be0                HAL_TIM_PeriodElapsedCallback
 .text.Error_Handler
                0x0000000008002c04        0xa ./Core/Src/main.o
                0x0000000008002c04                Error_Handler
 .text._ZN3ros3Msg8varToArrIPhmEEvT_T0_
                0x0000000008002c0e       0x3c ./Core/Src/main.o
                0x0000000008002c0e                void ros::Msg::varToArr<unsigned char*, unsigned long>(unsigned char*, unsigned long)
 .text._ZN3ros3Msg8arrToVarImPhEEvRT_T0_
                0x0000000008002c4a       0x4a ./Core/Src/main.o
                0x0000000008002c4a                void ros::Msg::arrToVar<unsigned long, unsigned char*>(unsigned long&, unsigned char*)
 .text._ZN9__gnu_cxx12__to_xstringINSt7__cxx1112basic_stringIcSt11char_traitsIcESaIcEEEcEET_PFiPT0_jPKS8_St9__va_listEjSB_z
                0x0000000008002c94       0x6e ./Core/Src/main.o
                0x0000000008002c94                std::__cxx11::basic_string<char, std::char_traits<char>, std::allocator<char> > __gnu_cxx::__to_xstring<std::__cxx11::basic_string<char, std::char_traits<char>, std::allocator<char> >, char>(int (*)(char*, unsigned int, char const*, std::__va_list), unsigned int, char const*, ...)
 *fill*         0x0000000008002d02        0x2 
 .text._ZN3ros15NodeHandleBase_C2Ev
                0x0000000008002d04       0x20 ./Core/Src/main.o
                0x0000000008002d04                ros::NodeHandleBase_::NodeHandleBase_()
                0x0000000008002d04                ros::NodeHandleBase_::NodeHandleBase_()
 .text._ZN3ros11NodeHandle_I13STM32HardwareLi25ELi25ELi512ELi512EEC2Ev
                0x0000000008002d24      0x100 ./Core/Src/main.o
                0x0000000008002d24                ros::NodeHandle_<STM32Hardware, 25, 25, 512, 512>::NodeHandle_()
                0x0000000008002d24                ros::NodeHandle_<STM32Hardware, 25, 25, 512, 512>::NodeHandle_()
 .text._ZN3ros11Subscriber_C2Ev
                0x0000000008002e24       0x20 ./Core/Src/main.o
                0x0000000008002e24                ros::Subscriber_::Subscriber_()
                0x0000000008002e24                ros::Subscriber_::Subscriber_()
 .text._ZN3ros10SubscriberIN8std_msgs6StringEvEC2EPKcPFvRKS2_Ei
                0x0000000008002e44       0x48 ./Core/Src/main.o
                0x0000000008002e44                ros::Subscriber<std_msgs::String, void>::Subscriber(char const*, void (*)(std_msgs::String const&), int)
                0x0000000008002e44                ros::Subscriber<std_msgs::String, void>::Subscriber(char const*, void (*)(std_msgs::String const&), int)
 .text._ZN3ros11NodeHandle_I13STM32HardwareLi25ELi25ELi512ELi512EE11getHardwareEv
                0x0000000008002e8c       0x18 ./Core/Src/main.o
                0x0000000008002e8c                ros::NodeHandle_<STM32Hardware, 25, 25, 512, 512>::getHardware()
 .text._ZN3ros11NodeHandle_I13STM32HardwareLi25ELi25ELi512ELi512EE8initNodeEv
                0x0000000008002ea4       0x3a ./Core/Src/main.o
                0x0000000008002ea4                ros::NodeHandle_<STM32Hardware, 25, 25, 512, 512>::initNode()
 .text._ZN3ros11NodeHandle_I13STM32HardwareLi25ELi25ELi512ELi512EE9advertiseERNS_9PublisherE
                0x0000000008002ede       0x60 ./Core/Src/main.o
                0x0000000008002ede                ros::NodeHandle_<STM32Hardware, 25, 25, 512, 512>::advertise(ros::Publisher&)
 .text._ZN3ros11NodeHandle_I13STM32HardwareLi25ELi25ELi512ELi512EE9subscribeERNS_11Subscriber_E
                0x0000000008002f3e       0x56 ./Core/Src/main.o
                0x0000000008002f3e                ros::NodeHandle_<STM32Hardware, 25, 25, 512, 512>::subscribe(ros::Subscriber_&)
 .text._ZN3ros11NodeHandle_I13STM32HardwareLi25ELi25ELi512ELi512EE8spinOnceEv
                0x0000000008002f94      0x3b2 ./Core/Src/main.o
                0x0000000008002f94                ros::NodeHandle_<STM32Hardware, 25, 25, 512, 512>::spinOnce()
 .text._ZStplIcSt11char_traitsIcESaIcEENSt7__cxx1112basic_stringIT_T0_T1_EEPKS5_OS8_
                0x0000000008003346       0x30 ./Core/Src/main.o
                0x0000000008003346                std::__cxx11::basic_string<char, std::char_traits<char>, std::allocator<char> > std::operator+<char, std::char_traits<char>, std::allocator<char> >(char const*, std::__cxx11::basic_string<char, std::char_traits<char>, std::allocator<char> >&&)
 .text._ZStplIcSt11char_traitsIcESaIcEENSt7__cxx1112basic_stringIT_T0_T1_EEOS8_PKS5_
                0x0000000008003376       0x2e ./Core/Src/main.o
                0x0000000008003376                std::__cxx11::basic_string<char, std::char_traits<char>, std::allocator<char> > std::operator+<char, std::char_traits<char>, std::allocator<char> >(std::__cxx11::basic_string<char, std::char_traits<char>, std::allocator<char> >&&, char const*)
 .text._ZNSt7__cxx1112basic_stringIcSt11char_traitsIcESaIcEEC2IPcvEET_S7_RKS3_
                0x00000000080033a4       0x36 ./Core/Src/main.o
                0x00000000080033a4                std::__cxx11::basic_string<char, std::char_traits<char>, std::allocator<char> >::basic_string<char*, void>(char*, char*, std::allocator<char> const&)
                0x00000000080033a4                std::__cxx11::basic_string<char, std::char_traits<char>, std::allocator<char> >::basic_string<char*, void>(char*, char*, std::allocator<char> const&)
 .text._ZN3ros11NodeHandle_I13STM32HardwareLi25ELi25ELi512ELi512EE15requestSyncTimeEv
                0x00000000080033da       0x3c ./Core/Src/main.o
                0x00000000080033da                ros::NodeHandle_<STM32Hardware, 25, 25, 512, 512>::requestSyncTime()
 .text._ZN3ros11NodeHandle_I13STM32HardwareLi25ELi25ELi512ELi512EE15negotiateTopicsEv
                0x0000000008003416      0x1be ./Core/Src/main.o
                0x0000000008003416                ros::NodeHandle_<STM32Hardware, 25, 25, 512, 512>::negotiateTopics()
 .text._ZN3ros11NodeHandle_I13STM32HardwareLi25ELi25ELi512ELi512EE8syncTimeEPh
                0x00000000080035d4       0x98 ./Core/Src/main.o
                0x00000000080035d4                ros::NodeHandle_<STM32Hardware, 25, 25, 512, 512>::syncTime(unsigned char*)
 .text._ZSt4moveIRNSt7__cxx1112basic_stringIcSt11char_traitsIcESaIcEEEEONSt16remove_referenceIT_E4typeEOS8_
                0x000000000800366c       0x16 ./Core/Src/main.o
                0x000000000800366c                std::remove_reference<std::__cxx11::basic_string<char, std::char_traits<char>, std::allocator<char> >&>::type&& std::move<std::__cxx11::basic_string<char, std::char_traits<char>, std::allocator<char> >&>(std::__cxx11::basic_string<char, std::char_traits<char>, std::allocator<char> >&)
 .text._ZNSt7__cxx1112basic_stringIcSt11char_traitsIcESaIcEE12_M_constructIPcEEvT_S7_
                0x0000000008003682       0x1e ./Core/Src/main.o
                0x0000000008003682                void std::__cxx11::basic_string<char, std::char_traits<char>, std::allocator<char> >::_M_construct<char*>(char*, char*)
 .text._ZN3ros11NodeHandle_I13STM32HardwareLi25ELi25ELi512ELi512EE7publishEiPKNS_3MsgE
                0x00000000080036a0      0x128 ./Core/Src/main.o
                0x00000000080036a0                ros::NodeHandle_<STM32Hardware, 25, 25, 512, 512>::publish(int, ros::Msg const*)
 .text._ZN3ros11NodeHandle_I13STM32HardwareLi25ELi25ELi512ELi512EE6setNowERNS_4TimeE
                0x00000000080037c8       0x80 ./Core/Src/main.o
                0x00000000080037c8                ros::NodeHandle_<STM32Hardware, 25, 25, 512, 512>::setNow(ros::Time&)
 .text._ZNSt7__cxx1112basic_stringIcSt11char_traitsIcESaIcEE16_M_construct_auxIPcEEvT_S7_St12__false_type
                0x0000000008003848       0x22 ./Core/Src/main.o
                0x0000000008003848                void std::__cxx11::basic_string<char, std::char_traits<char>, std::allocator<char> >::_M_construct_aux<char*>(char*, char*, std::__false_type)
 .text._ZN3ros11NodeHandle_I13STM32HardwareLi25ELi25ELi512ELi512EE8logerrorEPKc
                0x000000000800386a       0x1c ./Core/Src/main.o
                0x000000000800386a                ros::NodeHandle_<STM32Hardware, 25, 25, 512, 512>::logerror(char const*)
 *fill*         0x0000000008003886        0x2 
 .text._ZNSt7__cxx1112basic_stringIcSt11char_traitsIcESaIcEE12_M_constructIPcEEvT_S7_St20forward_iterator_tag
                0x0000000008003888       0x90 ./Core/Src/main.o
                0x0000000008003888                void std::__cxx11::basic_string<char, std::char_traits<char>, std::allocator<char> >::_M_construct<char*>(char*, char*, std::forward_iterator_tag)
 .text._ZN3ros11NodeHandle_I13STM32HardwareLi25ELi25ELi512ELi512EE3logEcPKc
                0x0000000008003918       0x38 ./Core/Src/main.o
                0x0000000008003918                ros::NodeHandle_<STM32Hardware, 25, 25, 512, 512>::log(char, char const*)
 .text._ZN9__gnu_cxx17__is_null_pointerIcEEbPT_
                0x0000000008003950       0x20 ./Core/Src/main.o
                0x0000000008003950                bool __gnu_cxx::__is_null_pointer<char>(char*)
 .text._ZSt8distanceIPcENSt15iterator_traitsIT_E15difference_typeES2_S2_
                0x0000000008003970       0x28 ./Core/Src/main.o
                0x0000000008003970                std::iterator_traits<char*>::difference_type std::distance<char*>(char*, char*)
 .text._ZSt19__iterator_categoryIPcENSt15iterator_traitsIT_E17iterator_categoryERKS2_
                0x0000000008003998       0x16 ./Core/Src/main.o
                0x0000000008003998                std::iterator_traits<char*>::iterator_category std::__iterator_category<char*>(char* const&)
 .text._ZSt10__distanceIPcENSt15iterator_traitsIT_E15difference_typeES2_S2_St26random_access_iterator_tag
                0x00000000080039ae       0x1e ./Core/Src/main.o
                0x00000000080039ae                std::iterator_traits<char*>::difference_type std::__distance<char*>(char*, char*, std::random_access_iterator_tag)
 .text._Z41__static_initialization_and_destruction_0ii
                0x00000000080039cc      0x11c ./Core/Src/main.o
 .text._ZN3ros10SubscriberIN8std_msgs6StringEvE8callbackEPh
                0x0000000008003ae8       0x2a ./Core/Src/main.o
                0x0000000008003ae8                ros::Subscriber<std_msgs::String, void>::callback(unsigned char*)
 .text._ZN3ros10SubscriberIN8std_msgs6StringEvE15getEndpointTypeEv
                0x0000000008003b12       0x18 ./Core/Src/main.o
                0x0000000008003b12                ros::Subscriber<std_msgs::String, void>::getEndpointType()
 .text._ZN3ros10SubscriberIN8std_msgs6StringEvE10getMsgTypeEv
                0x0000000008003b2a       0x1c ./Core/Src/main.o
                0x0000000008003b2a                ros::Subscriber<std_msgs::String, void>::getMsgType()
 .text._ZN3ros10SubscriberIN8std_msgs6StringEvE9getMsgMD5Ev
                0x0000000008003b46       0x1c ./Core/Src/main.o
                0x0000000008003b46                ros::Subscriber<std_msgs::String, void>::getMsgMD5()
 .text._ZN3ros11NodeHandle_I13STM32HardwareLi25ELi25ELi512ELi512EE9connectedEv
                0x0000000008003b62       0x1a ./Core/Src/main.o
                0x0000000008003b62                ros::NodeHandle_<STM32Hardware, 25, 25, 512, 512>::connected()
 .text._GLOBAL__sub_I_hadc1
                0x0000000008003b7c       0x10 ./Core/Src/main.o
 .text._GLOBAL__sub_D_hadc1
                0x0000000008003b8c       0x10 ./Core/Src/main.o
 .text.HAL_MspInit
                0x0000000008003b9c       0x58 ./Core/Src/stm32f4xx_hal_msp.o
                0x0000000008003b9c                HAL_MspInit
 .text.HAL_ADC_MspInit
                0x0000000008003bf4       0xec ./Core/Src/stm32f4xx_hal_msp.o
                0x0000000008003bf4                HAL_ADC_MspInit
 .text.HAL_TIM_Base_MspInit
                0x0000000008003ce0       0x40 ./Core/Src/stm32f4xx_hal_msp.o
                0x0000000008003ce0                HAL_TIM_Base_MspInit
 .text.HAL_TIM_MspPostInit
                0x0000000008003d20       0x70 ./Core/Src/stm32f4xx_hal_msp.o
                0x0000000008003d20                HAL_TIM_MspPostInit
 .text.HAL_UART_MspInit
                0x0000000008003d90      0x168 ./Core/Src/stm32f4xx_hal_msp.o
                0x0000000008003d90                HAL_UART_MspInit
 .text.HAL_InitTick
                0x0000000008003ef8       0xf8 ./Core/Src/stm32f4xx_hal_timebase_tim.o
                0x0000000008003ef8                HAL_InitTick
 .text.NMI_Handler
                0x0000000008003ff0        0x6 ./Core/Src/stm32f4xx_it.o
                0x0000000008003ff0                NMI_Handler
 .text.HardFault_Handler
                0x0000000008003ff6        0x6 ./Core/Src/stm32f4xx_it.o
                0x0000000008003ff6                HardFault_Handler
 .text.MemManage_Handler
                0x0000000008003ffc        0x6 ./Core/Src/stm32f4xx_it.o
                0x0000000008003ffc                MemManage_Handler
 .text.BusFault_Handler
                0x0000000008004002        0x6 ./Core/Src/stm32f4xx_it.o
                0x0000000008004002                BusFault_Handler
 .text.UsageFault_Handler
                0x0000000008004008        0x6 ./Core/Src/stm32f4xx_it.o
                0x0000000008004008                UsageFault_Handler
 .text.DebugMon_Handler
                0x000000000800400e        0xe ./Core/Src/stm32f4xx_it.o
                0x000000000800400e                DebugMon_Handler
 .text.DMA1_Stream5_IRQHandler
                0x000000000800401c       0x14 ./Core/Src/stm32f4xx_it.o
                0x000000000800401c                DMA1_Stream5_IRQHandler
 .text.DMA1_Stream6_IRQHandler
                0x0000000008004030       0x14 ./Core/Src/stm32f4xx_it.o
                0x0000000008004030                DMA1_Stream6_IRQHandler
 .text.USART2_IRQHandler
                0x0000000008004044       0x14 ./Core/Src/stm32f4xx_it.o
                0x0000000008004044                USART2_IRQHandler
 .text.TIM5_IRQHandler
                0x0000000008004058       0x14 ./Core/Src/stm32f4xx_it.o
                0x0000000008004058                TIM5_IRQHandler
 .text.DMA2_Stream0_IRQHandler
                0x000000000800406c       0x14 ./Core/Src/stm32f4xx_it.o
                0x000000000800406c                DMA2_Stream0_IRQHandler
 .text._getpid  0x0000000008004080       0x10 ./Core/Src/syscalls.o
                0x0000000008004080                _getpid
 .text._kill    0x0000000008004090       0x20 ./Core/Src/syscalls.o
                0x0000000008004090                _kill
 .text._exit    0x00000000080040b0       0x14 ./Core/Src/syscalls.o
                0x00000000080040b0                _exit
 .text._sbrk    0x00000000080040c4       0x6c ./Core/Src/sysmem.o
                0x00000000080040c4                _sbrk
 .text.SystemInit
                0x0000000008004130       0x24 ./Core/Src/system_stm32f4xx.o
                0x0000000008004130                SystemInit
 .text.Reset_Handler
                0x0000000008004154       0x50 ./Core/Startup/startup_stm32f401ccux.o
                0x0000000008004154                Reset_Handler
 .text.Default_Handler
                0x00000000080041a4        0x2 ./Core/Startup/startup_stm32f401ccux.o
                0x00000000080041a4                RTC_Alarm_IRQHandler
                0x00000000080041a4                EXTI2_IRQHandler
                0x00000000080041a4                SPI4_IRQHandler
                0x00000000080041a4                TIM1_CC_IRQHandler
                0x00000000080041a4                DMA2_Stream5_IRQHandler
                0x00000000080041a4                PVD_IRQHandler
                0x00000000080041a4                SDIO_IRQHandler
                0x00000000080041a4                TAMP_STAMP_IRQHandler
                0x00000000080041a4                EXTI3_IRQHandler
                0x00000000080041a4                TIM1_UP_TIM10_IRQHandler
                0x00000000080041a4                I2C3_ER_IRQHandler
                0x00000000080041a4                EXTI0_IRQHandler
                0x00000000080041a4                I2C2_EV_IRQHandler
                0x00000000080041a4                DMA1_Stream2_IRQHandler
                0x00000000080041a4                FPU_IRQHandler
                0x00000000080041a4                DMA2_Stream2_IRQHandler
                0x00000000080041a4                SPI1_IRQHandler
                0x00000000080041a4                TIM1_BRK_TIM9_IRQHandler
                0x00000000080041a4                DMA2_Stream3_IRQHandler
                0x00000000080041a4                USART6_IRQHandler
                0x00000000080041a4                TIM4_IRQHandler
                0x00000000080041a4                I2C1_EV_IRQHandler
                0x00000000080041a4                DMA1_Stream1_IRQHandler
                0x00000000080041a4                TIM3_IRQHandler
                0x00000000080041a4                RCC_IRQHandler
                0x00000000080041a4                Default_Handler
                0x00000000080041a4                EXTI15_10_IRQHandler
                0x00000000080041a4                ADC_IRQHandler
                0x00000000080041a4                DMA1_Stream7_IRQHandler
                0x00000000080041a4                DMA2_Stream7_IRQHandler
                0x00000000080041a4                I2C3_EV_IRQHandler
                0x00000000080041a4                EXTI9_5_IRQHandler
                0x00000000080041a4                RTC_WKUP_IRQHandler
                0x00000000080041a4                SPI2_IRQHandler
                0x00000000080041a4                DMA1_Stream0_IRQHandler
                0x00000000080041a4                EXTI4_IRQHandler
                0x00000000080041a4                WWDG_IRQHandler
                0x00000000080041a4                TIM2_IRQHandler
                0x00000000080041a4                OTG_FS_WKUP_IRQHandler
                0x00000000080041a4                TIM1_TRG_COM_TIM11_IRQHandler
                0x00000000080041a4                EXTI1_IRQHandler
                0x00000000080041a4                I2C2_ER_IRQHandler
                0x00000000080041a4                DMA2_Stream1_IRQHandler
                0x00000000080041a4                FLASH_IRQHandler
                0x00000000080041a4                DMA2_Stream4_IRQHandler
                0x00000000080041a4                USART1_IRQHandler
                0x00000000080041a4                OTG_FS_IRQHandler
                0x00000000080041a4                SPI3_IRQHandler
                0x00000000080041a4                DMA1_Stream4_IRQHandler
                0x00000000080041a4                I2C1_ER_IRQHandler
                0x00000000080041a4                DMA2_Stream6_IRQHandler
                0x00000000080041a4                DMA1_Stream3_IRQHandler
 *fill*         0x00000000080041a6        0x2 
 .text.HAL_Init
                0x00000000080041a8       0x44 ./Drivers/STM32F4xx_HAL_Driver/Src/stm32f4xx_hal.o
                0x00000000080041a8                HAL_Init
 .text.HAL_IncTick
                0x00000000080041ec       0x28 ./Drivers/STM32F4xx_HAL_Driver/Src/stm32f4xx_hal.o
                0x00000000080041ec                HAL_IncTick
 .text.HAL_GetTick
                0x0000000008004214       0x18 ./Drivers/STM32F4xx_HAL_Driver/Src/stm32f4xx_hal.o
                0x0000000008004214                HAL_GetTick
 .text.HAL_ADC_Init
                0x000000000800422c       0x86 ./Drivers/STM32F4xx_HAL_Driver/Src/stm32f4xx_hal_adc.o
                0x000000000800422c                HAL_ADC_Init
 *fill*         0x00000000080042b2        0x2 
 .text.HAL_ADC_Start_DMA
                0x00000000080042b4      0x1e0 ./Drivers/STM32F4xx_HAL_Driver/Src/stm32f4xx_hal_adc.o
                0x00000000080042b4                HAL_ADC_Start_DMA
 .text.HAL_ADC_ConvCpltCallback
                0x0000000008004494       0x14 ./Drivers/STM32F4xx_HAL_Driver/Src/stm32f4xx_hal_adc.o
                0x0000000008004494                HAL_ADC_ConvCpltCallback
 .text.HAL_ADC_ConvHalfCpltCallback
                0x00000000080044a8       0x14 ./Drivers/STM32F4xx_HAL_Driver/Src/stm32f4xx_hal_adc.o
                0x00000000080044a8                HAL_ADC_ConvHalfCpltCallback
 .text.HAL_ADC_ErrorCallback
                0x00000000080044bc       0x14 ./Drivers/STM32F4xx_HAL_Driver/Src/stm32f4xx_hal_adc.o
                0x00000000080044bc                HAL_ADC_ErrorCallback
 .text.HAL_ADC_ConfigChannel
                0x00000000080044d0      0x244 ./Drivers/STM32F4xx_HAL_Driver/Src/stm32f4xx_hal_adc.o
                0x00000000080044d0                HAL_ADC_ConfigChannel
 .text.ADC_Init
                0x0000000008004714      0x1f8 ./Drivers/STM32F4xx_HAL_Driver/Src/stm32f4xx_hal_adc.o
 .text.ADC_DMAConvCplt
                0x000000000800490c       0xba ./Drivers/STM32F4xx_HAL_Driver/Src/stm32f4xx_hal_adc.o
 .text.ADC_DMAHalfConvCplt
                0x00000000080049c6       0x1c ./Drivers/STM32F4xx_HAL_Driver/Src/stm32f4xx_hal_adc.o
 .text.ADC_DMAError
                0x00000000080049e2       0x2e ./Drivers/STM32F4xx_HAL_Driver/Src/stm32f4xx_hal_adc.o
 .text.__NVIC_SetPriorityGrouping
                0x0000000008004a10       0x48 ./Drivers/STM32F4xx_HAL_Driver/Src/stm32f4xx_hal_cortex.o
 .text.__NVIC_GetPriorityGrouping
                0x0000000008004a58       0x1c ./Drivers/STM32F4xx_HAL_Driver/Src/stm32f4xx_hal_cortex.o
 .text.__NVIC_EnableIRQ
                0x0000000008004a74       0x3c ./Drivers/STM32F4xx_HAL_Driver/Src/stm32f4xx_hal_cortex.o
 .text.__NVIC_SetPriority
                0x0000000008004ab0       0x54 ./Drivers/STM32F4xx_HAL_Driver/Src/stm32f4xx_hal_cortex.o
 .text.NVIC_EncodePriority
                0x0000000008004b04       0x66 ./Drivers/STM32F4xx_HAL_Driver/Src/stm32f4xx_hal_cortex.o
 .text.HAL_NVIC_SetPriorityGrouping
                0x0000000008004b6a       0x16 ./Drivers/STM32F4xx_HAL_Driver/Src/stm32f4xx_hal_cortex.o
                0x0000000008004b6a                HAL_NVIC_SetPriorityGrouping
 .text.HAL_NVIC_SetPriority
                0x0000000008004b80       0x38 ./Drivers/STM32F4xx_HAL_Driver/Src/stm32f4xx_hal_cortex.o
                0x0000000008004b80                HAL_NVIC_SetPriority
 .text.HAL_NVIC_EnableIRQ
                0x0000000008004bb8       0x1c ./Drivers/STM32F4xx_HAL_Driver/Src/stm32f4xx_hal_cortex.o
                0x0000000008004bb8                HAL_NVIC_EnableIRQ
 .text.HAL_DMA_Init
                0x0000000008004bd4      0x15c ./Drivers/STM32F4xx_HAL_Driver/Src/stm32f4xx_hal_dma.o
                0x0000000008004bd4                HAL_DMA_Init
 .text.HAL_DMA_Start_IT
                0x0000000008004d30       0xb0 ./Drivers/STM32F4xx_HAL_Driver/Src/stm32f4xx_hal_dma.o
                0x0000000008004d30                HAL_DMA_Start_IT
 .text.HAL_DMA_Abort
                0x0000000008004de0       0xe0 ./Drivers/STM32F4xx_HAL_Driver/Src/stm32f4xx_hal_dma.o
                0x0000000008004de0                HAL_DMA_Abort
 .text.HAL_DMA_Abort_IT
                0x0000000008004ec0       0x44 ./Drivers/STM32F4xx_HAL_Driver/Src/stm32f4xx_hal_dma.o
                0x0000000008004ec0                HAL_DMA_Abort_IT
 .text.HAL_DMA_IRQHandler
                0x0000000008004f04      0x314 ./Drivers/STM32F4xx_HAL_Driver/Src/stm32f4xx_hal_dma.o
                0x0000000008004f04                HAL_DMA_IRQHandler
 .text.DMA_SetConfig
                0x0000000008005218       0x5c ./Drivers/STM32F4xx_HAL_Driver/Src/stm32f4xx_hal_dma.o
 .text.DMA_CalcBaseAndBitshift
                0x0000000008005274       0x6c ./Drivers/STM32F4xx_HAL_Driver/Src/stm32f4xx_hal_dma.o
 .text.DMA_CheckFifoParam
                0x00000000080052e0       0xf8 ./Drivers/STM32F4xx_HAL_Driver/Src/stm32f4xx_hal_dma.o
 .text.HAL_GPIO_Init
                0x00000000080053d8      0x308 ./Drivers/STM32F4xx_HAL_Driver/Src/stm32f4xx_hal_gpio.o
                0x00000000080053d8                HAL_GPIO_Init
 .text.HAL_GPIO_ReadPin
                0x00000000080056e0       0x30 ./Drivers/STM32F4xx_HAL_Driver/Src/stm32f4xx_hal_gpio.o
                0x00000000080056e0                HAL_GPIO_ReadPin
 .text.HAL_GPIO_WritePin
                0x0000000008005710       0x32 ./Drivers/STM32F4xx_HAL_Driver/Src/stm32f4xx_hal_gpio.o
                0x0000000008005710                HAL_GPIO_WritePin
 .text.HAL_GPIO_TogglePin
                0x0000000008005742       0x34 ./Drivers/STM32F4xx_HAL_Driver/Src/stm32f4xx_hal_gpio.o
                0x0000000008005742                HAL_GPIO_TogglePin
 *fill*         0x0000000008005776        0x2 
 .text.HAL_RCC_OscConfig
                0x0000000008005778      0x4f0 ./Drivers/STM32F4xx_HAL_Driver/Src/stm32f4xx_hal_rcc.o
                0x0000000008005778                HAL_RCC_OscConfig
 .text.HAL_RCC_ClockConfig
                0x0000000008005c68      0x1cc ./Drivers/STM32F4xx_HAL_Driver/Src/stm32f4xx_hal_rcc.o
                0x0000000008005c68                HAL_RCC_ClockConfig
 .text.HAL_RCC_GetSysClockFreq
                0x0000000008005e34      0x18c ./Drivers/STM32F4xx_HAL_Driver/Src/stm32f4xx_hal_rcc.o
                0x0000000008005e34                HAL_RCC_GetSysClockFreq
 .text.HAL_RCC_GetHCLKFreq
                0x0000000008005fc0       0x18 ./Drivers/STM32F4xx_HAL_Driver/Src/stm32f4xx_hal_rcc.o
                0x0000000008005fc0                HAL_RCC_GetHCLKFreq
 .text.HAL_RCC_GetPCLK1Freq
                0x0000000008005fd8       0x28 ./Drivers/STM32F4xx_HAL_Driver/Src/stm32f4xx_hal_rcc.o
                0x0000000008005fd8                HAL_RCC_GetPCLK1Freq
 .text.HAL_RCC_GetPCLK2Freq
                0x0000000008006000       0x28 ./Drivers/STM32F4xx_HAL_Driver/Src/stm32f4xx_hal_rcc.o
                0x0000000008006000                HAL_RCC_GetPCLK2Freq
 .text.HAL_RCC_GetClockConfig
                0x0000000008006028       0x64 ./Drivers/STM32F4xx_HAL_Driver/Src/stm32f4xx_hal_rcc.o
                0x0000000008006028                HAL_RCC_GetClockConfig
 .text.HAL_TIM_Base_Init
                0x000000000800608c       0x9e ./Drivers/STM32F4xx_HAL_Driver/Src/stm32f4xx_hal_tim.o
                0x000000000800608c                HAL_TIM_Base_Init
 *fill*         0x000000000800612a        0x2 
 .text.HAL_TIM_Base_Start_IT
                0x000000000800612c       0xc4 ./Drivers/STM32F4xx_HAL_Driver/Src/stm32f4xx_hal_tim.o
                0x000000000800612c                HAL_TIM_Base_Start_IT
 .text.HAL_TIM_PWM_Init
                0x00000000080061f0       0x9e ./Drivers/STM32F4xx_HAL_Driver/Src/stm32f4xx_hal_tim.o
                0x00000000080061f0                HAL_TIM_PWM_Init
 .text.HAL_TIM_PWM_MspInit
                0x000000000800628e       0x14 ./Drivers/STM32F4xx_HAL_Driver/Src/stm32f4xx_hal_tim.o
                0x000000000800628e                HAL_TIM_PWM_MspInit
 *fill*         0x00000000080062a2        0x2 
 .text.HAL_TIM_PWM_Start
                0x00000000080062a4      0x160 ./Drivers/STM32F4xx_HAL_Driver/Src/stm32f4xx_hal_tim.o
                0x00000000080062a4                HAL_TIM_PWM_Start
 .text.HAL_TIM_IRQHandler
                0x0000000008006404      0x210 ./Drivers/STM32F4xx_HAL_Driver/Src/stm32f4xx_hal_tim.o
                0x0000000008006404                HAL_TIM_IRQHandler
 .text.HAL_TIM_PWM_ConfigChannel
                0x0000000008006614      0x184 ./Drivers/STM32F4xx_HAL_Driver/Src/stm32f4xx_hal_tim.o
                0x0000000008006614                HAL_TIM_PWM_ConfigChannel
 .text.HAL_TIM_ConfigClockSource
                0x0000000008006798      0x18e ./Drivers/STM32F4xx_HAL_Driver/Src/stm32f4xx_hal_tim.o
                0x0000000008006798                HAL_TIM_ConfigClockSource
 .text.HAL_TIM_OC_DelayElapsedCallback
                0x0000000008006926       0x14 ./Drivers/STM32F4xx_HAL_Driver/Src/stm32f4xx_hal_tim.o
                0x0000000008006926                HAL_TIM_OC_DelayElapsedCallback
 .text.HAL_TIM_IC_CaptureCallback
                0x000000000800693a       0x14 ./Drivers/STM32F4xx_HAL_Driver/Src/stm32f4xx_hal_tim.o
                0x000000000800693a                HAL_TIM_IC_CaptureCallback
 .text.HAL_TIM_PWM_PulseFinishedCallback
                0x000000000800694e       0x14 ./Drivers/STM32F4xx_HAL_Driver/Src/stm32f4xx_hal_tim.o
                0x000000000800694e                HAL_TIM_PWM_PulseFinishedCallback
 .text.HAL_TIM_TriggerCallback
                0x0000000008006962       0x14 ./Drivers/STM32F4xx_HAL_Driver/Src/stm32f4xx_hal_tim.o
                0x0000000008006962                HAL_TIM_TriggerCallback
 *fill*         0x0000000008006976        0x2 
 .text.TIM_Base_SetConfig
                0x0000000008006978      0x100 ./Drivers/STM32F4xx_HAL_Driver/Src/stm32f4xx_hal_tim.o
                0x0000000008006978                TIM_Base_SetConfig
 .text.TIM_OC1_SetConfig
                0x0000000008006a78       0xcc ./Drivers/STM32F4xx_HAL_Driver/Src/stm32f4xx_hal_tim.o
 .text.TIM_OC2_SetConfig
                0x0000000008006b44       0xd8 ./Drivers/STM32F4xx_HAL_Driver/Src/stm32f4xx_hal_tim.o
                0x0000000008006b44                TIM_OC2_SetConfig
 .text.TIM_OC3_SetConfig
                0x0000000008006c1c       0xd4 ./Drivers/STM32F4xx_HAL_Driver/Src/stm32f4xx_hal_tim.o
 .text.TIM_OC4_SetConfig
                0x0000000008006cf0       0xa0 ./Drivers/STM32F4xx_HAL_Driver/Src/stm32f4xx_hal_tim.o
 .text.TIM_TI1_ConfigInputStage
                0x0000000008006d90       0x5e ./Drivers/STM32F4xx_HAL_Driver/Src/stm32f4xx_hal_tim.o
 .text.TIM_TI2_ConfigInputStage
                0x0000000008006dee       0x60 ./Drivers/STM32F4xx_HAL_Driver/Src/stm32f4xx_hal_tim.o
 .text.TIM_ITRx_SetConfig
                0x0000000008006e4e       0x36 ./Drivers/STM32F4xx_HAL_Driver/Src/stm32f4xx_hal_tim.o
 .text.TIM_ETR_SetConfig
                0x0000000008006e84       0x40 ./Drivers/STM32F4xx_HAL_Driver/Src/stm32f4xx_hal_tim.o
                0x0000000008006e84                TIM_ETR_SetConfig
 .text.TIM_CCxChannelCmd
                0x0000000008006ec4       0x4a ./Drivers/STM32F4xx_HAL_Driver/Src/stm32f4xx_hal_tim.o
                0x0000000008006ec4                TIM_CCxChannelCmd
 *fill*         0x0000000008006f0e        0x2 
 .text.HAL_TIMEx_MasterConfigSynchronization
                0x0000000008006f10       0xdc ./Drivers/STM32F4xx_HAL_Driver/Src/stm32f4xx_hal_tim_ex.o
                0x0000000008006f10                HAL_TIMEx_MasterConfigSynchronization
 .text.HAL_TIMEx_CommutCallback
                0x0000000008006fec       0x14 ./Drivers/STM32F4xx_HAL_Driver/Src/stm32f4xx_hal_tim_ex.o
                0x0000000008006fec                HAL_TIMEx_CommutCallback
 .text.HAL_TIMEx_BreakCallback
                0x0000000008007000       0x14 ./Drivers/STM32F4xx_HAL_Driver/Src/stm32f4xx_hal_tim_ex.o
                0x0000000008007000                HAL_TIMEx_BreakCallback
 .text.HAL_UART_Init
                0x0000000008007014       0x9a ./Drivers/STM32F4xx_HAL_Driver/Src/stm32f4xx_hal_uart.o
                0x0000000008007014                HAL_UART_Init
 *fill*         0x00000000080070ae        0x2 
 .text.HAL_UART_Transmit_DMA
                0x00000000080070b0       0xfc ./Drivers/STM32F4xx_HAL_Driver/Src/stm32f4xx_hal_uart.o
                0x00000000080070b0                HAL_UART_Transmit_DMA
 .text.HAL_UART_Receive_DMA
                0x00000000080071ac       0x60 ./Drivers/STM32F4xx_HAL_Driver/Src/stm32f4xx_hal_uart.o
                0x00000000080071ac                HAL_UART_Receive_DMA
 .text.HAL_UART_IRQHandler
                0x000000000800720c      0x51c ./Drivers/STM32F4xx_HAL_Driver/Src/stm32f4xx_hal_uart.o
                0x000000000800720c                HAL_UART_IRQHandler
 .text.HAL_UART_TxHalfCpltCallback
                0x0000000008007728       0x14 ./Drivers/STM32F4xx_HAL_Driver/Src/stm32f4xx_hal_uart.o
                0x0000000008007728                HAL_UART_TxHalfCpltCallback
 .text.HAL_UART_RxHalfCpltCallback
                0x000000000800773c       0x14 ./Drivers/STM32F4xx_HAL_Driver/Src/stm32f4xx_hal_uart.o
                0x000000000800773c                HAL_UART_RxHalfCpltCallback
 .text.HAL_UART_ErrorCallback
                0x0000000008007750       0x14 ./Drivers/STM32F4xx_HAL_Driver/Src/stm32f4xx_hal_uart.o
                0x0000000008007750                HAL_UART_ErrorCallback
 .text.HAL_UARTEx_RxEventCallback
                0x0000000008007764       0x18 ./Drivers/STM32F4xx_HAL_Driver/Src/stm32f4xx_hal_uart.o
                0x0000000008007764                HAL_UARTEx_RxEventCallback
 .text.UART_DMATransmitCplt
                0x000000000800777c       0x9a ./Drivers/STM32F4xx_HAL_Driver/Src/stm32f4xx_hal_uart.o
 .text.UART_DMATxHalfCplt
                0x0000000008007816       0x1c ./Drivers/STM32F4xx_HAL_Driver/Src/stm32f4xx_hal_uart.o
 .text.UART_DMAReceiveCplt
                0x0000000008007832      0x126 ./Drivers/STM32F4xx_HAL_Driver/Src/stm32f4xx_hal_uart.o
 .text.UART_DMARxHalfCplt
                0x0000000008007958       0x36 ./Drivers/STM32F4xx_HAL_Driver/Src/stm32f4xx_hal_uart.o
 .text.UART_DMAError
                0x000000000800798e       0x94 ./Drivers/STM32F4xx_HAL_Driver/Src/stm32f4xx_hal_uart.o
 *fill*         0x0000000008007a22        0x2 
 .text.UART_Start_Receive_DMA
                0x0000000008007a24      0x13c ./Drivers/STM32F4xx_HAL_Driver/Src/stm32f4xx_hal_uart.o
                0x0000000008007a24                UART_Start_Receive_DMA
 .text.UART_EndTxTransfer
                0x0000000008007b60       0x50 ./Drivers/STM32F4xx_HAL_Driver/Src/stm32f4xx_hal_uart.o
 .text.UART_EndRxTransfer
                0x0000000008007bb0       0xc6 ./Drivers/STM32F4xx_HAL_Driver/Src/stm32f4xx_hal_uart.o
 .text.UART_DMAAbortOnError
                0x0000000008007c76       0x28 ./Drivers/STM32F4xx_HAL_Driver/Src/stm32f4xx_hal_uart.o
 .text.UART_Transmit_IT
                0x0000000008007c9e       0xa0 ./Drivers/STM32F4xx_HAL_Driver/Src/stm32f4xx_hal_uart.o
 .text.UART_EndTransmit_IT
                0x0000000008007d3e       0x30 ./Drivers/STM32F4xx_HAL_Driver/Src/stm32f4xx_hal_uart.o
 .text.UART_Receive_IT
                0x0000000008007d6e      0x176 ./Drivers/STM32F4xx_HAL_Driver/Src/stm32f4xx_hal_uart.o
 .text.UART_SetConfig
                0x0000000008007ee4      0x4e8 ./Drivers/STM32F4xx_HAL_Driver/Src/stm32f4xx_hal_uart.o
 .text.__NVIC_SetPriority
                0x00000000080083cc       0x54 ./Middlewares/Third_Party/FreeRTOS/Source/CMSIS_RTOS_V2/cmsis_os2.o
 .text.SysTick_Handler
                0x0000000008008420       0x20 ./Middlewares/Third_Party/FreeRTOS/Source/CMSIS_RTOS_V2/cmsis_os2.o
                0x0000000008008420                SysTick_Handler
 .text.SVC_Setup
                0x0000000008008440       0x12 ./Middlewares/Third_Party/FreeRTOS/Source/CMSIS_RTOS_V2/cmsis_os2.o
 *fill*         0x0000000008008452        0x2 
 .text.osKernelInitialize
                0x0000000008008454       0x48 ./Middlewares/Third_Party/FreeRTOS/Source/CMSIS_RTOS_V2/cmsis_os2.o
                0x0000000008008454                osKernelInitialize
 .text.osKernelStart
                0x000000000800849c       0x4c ./Middlewares/Third_Party/FreeRTOS/Source/CMSIS_RTOS_V2/cmsis_os2.o
                0x000000000800849c                osKernelStart
 .text.osThreadNew
                0x00000000080084e8      0x124 ./Middlewares/Third_Party/FreeRTOS/Source/CMSIS_RTOS_V2/cmsis_os2.o
                0x00000000080084e8                osThreadNew
 .text.osDelay  0x000000000800860c       0x36 ./Middlewares/Third_Party/FreeRTOS/Source/CMSIS_RTOS_V2/cmsis_os2.o
                0x000000000800860c                osDelay
 *fill*         0x0000000008008642        0x2 
 .text.vApplicationGetIdleTaskMemory
                0x0000000008008644       0x34 ./Middlewares/Third_Party/FreeRTOS/Source/CMSIS_RTOS_V2/cmsis_os2.o
                0x0000000008008644                vApplicationGetIdleTaskMemory
 .text.vApplicationGetTimerTaskMemory
                0x0000000008008678       0x34 ./Middlewares/Third_Party/FreeRTOS/Source/CMSIS_RTOS_V2/cmsis_os2.o
                0x0000000008008678                vApplicationGetTimerTaskMemory
 .text.vListInitialise
                0x00000000080086ac       0x40 ./Middlewares/Third_Party/FreeRTOS/Source/list.o
                0x00000000080086ac                vListInitialise
 .text.vListInitialiseItem
                0x00000000080086ec       0x1a ./Middlewares/Third_Party/FreeRTOS/Source/list.o
                0x00000000080086ec                vListInitialiseItem
 .text.vListInsertEnd
                0x0000000008008706       0x48 ./Middlewares/Third_Party/FreeRTOS/Source/list.o
                0x0000000008008706                vListInsertEnd
 .text.vListInsert
                0x000000000800874e       0x72 ./Middlewares/Third_Party/FreeRTOS/Source/list.o
                0x000000000800874e                vListInsert
 .text.uxListRemove
                0x00000000080087c0       0x54 ./Middlewares/Third_Party/FreeRTOS/Source/list.o
                0x00000000080087c0                uxListRemove
 .text.xQueueGenericReset
                0x0000000008008814       0xd0 ./Middlewares/Third_Party/FreeRTOS/Source/queue.o
                0x0000000008008814                xQueueGenericReset
 .text.xQueueGenericCreateStatic
                0x00000000080088e4       0xf0 ./Middlewares/Third_Party/FreeRTOS/Source/queue.o
                0x00000000080088e4                xQueueGenericCreateStatic
 .text.prvInitialiseNewQueue
                0x00000000080089d4       0x46 ./Middlewares/Third_Party/FreeRTOS/Source/queue.o
 *fill*         0x0000000008008a1a        0x2 
 .text.xQueueGenericSend
                0x0000000008008a1c      0x1fc ./Middlewares/Third_Party/FreeRTOS/Source/queue.o
                0x0000000008008a1c                xQueueGenericSend
 .text.xQueueGenericSendFromISR
                0x0000000008008c18      0x136 ./Middlewares/Third_Party/FreeRTOS/Source/queue.o
                0x0000000008008c18                xQueueGenericSendFromISR
 *fill*         0x0000000008008d4e        0x2 
 .text.xQueueReceive
                0x0000000008008d50      0x1c0 ./Middlewares/Third_Party/FreeRTOS/Source/queue.o
                0x0000000008008d50                xQueueReceive
 .text.prvCopyDataToQueue
                0x0000000008008f10       0xd4 ./Middlewares/Third_Party/FreeRTOS/Source/queue.o
 .text.prvCopyDataFromQueue
                0x0000000008008fe4       0x4c ./Middlewares/Third_Party/FreeRTOS/Source/queue.o
 .text.prvUnlockQueue
                0x0000000008009030       0xa4 ./Middlewares/Third_Party/FreeRTOS/Source/queue.o
 .text.prvIsQueueEmpty
                0x00000000080090d4       0x2c ./Middlewares/Third_Party/FreeRTOS/Source/queue.o
 .text.prvIsQueueFull
                0x0000000008009100       0x30 ./Middlewares/Third_Party/FreeRTOS/Source/queue.o
 .text.vQueueAddToRegistry
                0x0000000008009130       0x54 ./Middlewares/Third_Party/FreeRTOS/Source/queue.o
                0x0000000008009130                vQueueAddToRegistry
 .text.vQueueWaitForMessageRestricted
                0x0000000008009184       0x68 ./Middlewares/Third_Party/FreeRTOS/Source/queue.o
                0x0000000008009184                vQueueWaitForMessageRestricted
 .text.xTaskCreateStatic
                0x00000000080091ec       0xba ./Middlewares/Third_Party/FreeRTOS/Source/tasks.o
                0x00000000080091ec                xTaskCreateStatic
 .text.xTaskCreate
                0x00000000080092a6       0x8a ./Middlewares/Third_Party/FreeRTOS/Source/tasks.o
                0x00000000080092a6                xTaskCreate
 .text.prvInitialiseNewTask
                0x0000000008009330      0x14c ./Middlewares/Third_Party/FreeRTOS/Source/tasks.o
 .text.prvAddNewTaskToReadyList
                0x000000000800947c       0xe0 ./Middlewares/Third_Party/FreeRTOS/Source/tasks.o
 .text.vTaskDelay
                0x000000000800955c       0x68 ./Middlewares/Third_Party/FreeRTOS/Source/tasks.o
                0x000000000800955c                vTaskDelay
 .text.vTaskStartScheduler
                0x00000000080095c4       0xe0 ./Middlewares/Third_Party/FreeRTOS/Source/tasks.o
                0x00000000080095c4                vTaskStartScheduler
 .text.vTaskSuspendAll
                0x00000000080096a4       0x1c ./Middlewares/Third_Party/FreeRTOS/Source/tasks.o
                0x00000000080096a4                vTaskSuspendAll
 .text.xTaskResumeAll
                0x00000000080096c0      0x13c ./Middlewares/Third_Party/FreeRTOS/Source/tasks.o
                0x00000000080096c0                xTaskResumeAll
 .text.xTaskGetTickCount
                0x00000000080097fc       0x20 ./Middlewares/Third_Party/FreeRTOS/Source/tasks.o
                0x00000000080097fc                xTaskGetTickCount
 .text.xTaskIncrementTick
                0x000000000800981c      0x174 ./Middlewares/Third_Party/FreeRTOS/Source/tasks.o
                0x000000000800981c                xTaskIncrementTick
 .text.vTaskSwitchContext
                0x0000000008009990       0xc8 ./Middlewares/Third_Party/FreeRTOS/Source/tasks.o
                0x0000000008009990                vTaskSwitchContext
 .text.vTaskPlaceOnEventList
                0x0000000008009a58       0x48 ./Middlewares/Third_Party/FreeRTOS/Source/tasks.o
                0x0000000008009a58                vTaskPlaceOnEventList
 .text.vTaskPlaceOnEventListRestricted
                0x0000000008009aa0       0x58 ./Middlewares/Third_Party/FreeRTOS/Source/tasks.o
                0x0000000008009aa0                vTaskPlaceOnEventListRestricted
 .text.xTaskRemoveFromEventList
                0x0000000008009af8       0xc8 ./Middlewares/Third_Party/FreeRTOS/Source/tasks.o
                0x0000000008009af8                xTaskRemoveFromEventList
 .text.vTaskInternalSetTimeOutState
                0x0000000008009bc0       0x2c ./Middlewares/Third_Party/FreeRTOS/Source/tasks.o
                0x0000000008009bc0                vTaskInternalSetTimeOutState
 .text.xTaskCheckForTimeOut
                0x0000000008009bec       0xc4 ./Middlewares/Third_Party/FreeRTOS/Source/tasks.o
                0x0000000008009bec                xTaskCheckForTimeOut
 .text.vTaskMissedYield
                0x0000000008009cb0       0x18 ./Middlewares/Third_Party/FreeRTOS/Source/tasks.o
                0x0000000008009cb0                vTaskMissedYield
 .text.prvIdleTask
                0x0000000008009cc8       0x30 ./Middlewares/Third_Party/FreeRTOS/Source/tasks.o
 .text.prvInitialiseTaskLists
                0x0000000008009cf8       0x80 ./Middlewares/Third_Party/FreeRTOS/Source/tasks.o
 .text.prvCheckTasksWaitingTermination
                0x0000000008009d78       0x5c ./Middlewares/Third_Party/FreeRTOS/Source/tasks.o
 .text.prvDeleteTCB
                0x0000000008009dd4       0x68 ./Middlewares/Third_Party/FreeRTOS/Source/tasks.o
 .text.prvResetNextTaskUnblockTime
                0x0000000008009e3c       0x40 ./Middlewares/Third_Party/FreeRTOS/Source/tasks.o
 .text.xTaskGetSchedulerState
                0x0000000008009e7c       0x3c ./Middlewares/Third_Party/FreeRTOS/Source/tasks.o
                0x0000000008009e7c                xTaskGetSchedulerState
 .text.xTaskPriorityDisinherit
                0x0000000008009eb8       0xdc ./Middlewares/Third_Party/FreeRTOS/Source/tasks.o
                0x0000000008009eb8                xTaskPriorityDisinherit
 .text.prvAddCurrentTaskToDelayedList
                0x0000000008009f94       0xa8 ./Middlewares/Third_Party/FreeRTOS/Source/tasks.o
 .text.xTimerCreateTimerTask
                0x000000000800a03c       0x90 ./Middlewares/Third_Party/FreeRTOS/Source/timers.o
                0x000000000800a03c                xTimerCreateTimerTask
 .text.xTimerGenericCommand
                0x000000000800a0cc       0x9c ./Middlewares/Third_Party/FreeRTOS/Source/timers.o
                0x000000000800a0cc                xTimerGenericCommand
 .text.prvProcessExpiredTimer
                0x000000000800a168       0x98 ./Middlewares/Third_Party/FreeRTOS/Source/timers.o
 .text.prvTimerTask
                0x000000000800a200       0x24 ./Middlewares/Third_Party/FreeRTOS/Source/timers.o
 .text.prvProcessTimerOrBlockTask
                0x000000000800a224       0x9c ./Middlewares/Third_Party/FreeRTOS/Source/timers.o
 .text.prvGetNextExpireTime
                0x000000000800a2c0       0x48 ./Middlewares/Third_Party/FreeRTOS/Source/timers.o
 .text.prvSampleTimeNow
                0x000000000800a308       0x40 ./Middlewares/Third_Party/FreeRTOS/Source/timers.o
 .text.prvInsertTimerInActiveList
                0x000000000800a348       0x84 ./Middlewares/Third_Party/FreeRTOS/Source/timers.o
 .text.prvProcessReceivedCommands
                0x000000000800a3cc      0x1c4 ./Middlewares/Third_Party/FreeRTOS/Source/timers.o
 .text.prvSwitchTimerLists
                0x000000000800a590       0xc8 ./Middlewares/Third_Party/FreeRTOS/Source/timers.o
 .text.prvCheckForValidListAndQueue
                0x000000000800a658       0x80 ./Middlewares/Third_Party/FreeRTOS/Source/timers.o
 .text.pxPortInitialiseStack
                0x000000000800a6d8       0x68 ./Middlewares/Third_Party/FreeRTOS/Source/portable/GCC/ARM_CM4F/port.o
                0x000000000800a6d8                pxPortInitialiseStack
 .text.prvTaskExitError
                0x000000000800a740       0x58 ./Middlewares/Third_Party/FreeRTOS/Source/portable/GCC/ARM_CM4F/port.o
 *fill*         0x000000000800a798        0x8 
 .text.SVC_Handler
                0x000000000800a7a0       0x28 ./Middlewares/Third_Party/FreeRTOS/Source/portable/GCC/ARM_CM4F/port.o
                0x000000000800a7a0                SVC_Handler
 .text.prvPortStartFirstTask
                0x000000000800a7c8       0x28 ./Middlewares/Third_Party/FreeRTOS/Source/portable/GCC/ARM_CM4F/port.o
 .text.xPortStartScheduler
                0x000000000800a7f0      0x144 ./Middlewares/Third_Party/FreeRTOS/Source/portable/GCC/ARM_CM4F/port.o
                0x000000000800a7f0                xPortStartScheduler
 .text.vPortEnterCritical
                0x000000000800a934       0x60 ./Middlewares/Third_Party/FreeRTOS/Source/portable/GCC/ARM_CM4F/port.o
                0x000000000800a934                vPortEnterCritical
 .text.vPortExitCritical
                0x000000000800a994       0x54 ./Middlewares/Third_Party/FreeRTOS/Source/portable/GCC/ARM_CM4F/port.o
                0x000000000800a994                vPortExitCritical
 *fill*         0x000000000800a9e8        0x8 
 .text.PendSV_Handler
                0x000000000800a9f0       0x68 ./Middlewares/Third_Party/FreeRTOS/Source/portable/GCC/ARM_CM4F/port.o
                0x000000000800a9f0                PendSV_Handler
 .text.xPortSysTickHandler
                0x000000000800aa58       0x44 ./Middlewares/Third_Party/FreeRTOS/Source/portable/GCC/ARM_CM4F/port.o
                0x000000000800aa58                xPortSysTickHandler
 .text.vPortSetupTimerInterrupt
                0x000000000800aa9c       0x48 ./Middlewares/Third_Party/FreeRTOS/Source/portable/GCC/ARM_CM4F/port.o
                0x000000000800aa9c                vPortSetupTimerInterrupt
 .text.vPortEnableVFP
                0x000000000800aae4       0x14 ./Middlewares/Third_Party/FreeRTOS/Source/portable/GCC/ARM_CM4F/port.o
 .text.vPortValidateInterruptPriority
                0x000000000800aaf8       0x80 ./Middlewares/Third_Party/FreeRTOS/Source/portable/GCC/ARM_CM4F/port.o
                0x000000000800aaf8                vPortValidateInterruptPriority
 .text.pvPortMalloc
                0x000000000800ab78      0x198 ./Middlewares/Third_Party/FreeRTOS/Source/portable/MemMang/heap_4.o
                0x000000000800ab78                pvPortMalloc
 .text.vPortFree
                0x000000000800ad10       0xc4 ./Middlewares/Third_Party/FreeRTOS/Source/portable/MemMang/heap_4.o
                0x000000000800ad10                vPortFree
 .text.prvHeapInit
                0x000000000800add4       0xc4 ./Middlewares/Third_Party/FreeRTOS/Source/portable/MemMang/heap_4.o
 .text.prvInsertBlockIntoFreeList
                0x000000000800ae98       0xb4 ./Middlewares/Third_Party/FreeRTOS/Source/portable/MemMang/heap_4.o
 .text.__cxa_pure_virtual
                0x000000000800af4c        0x6 c:/st/stm32cubeide_1.12.0/stm32cubeide/plugins/com.st.stm32cube.ide.mcu.externaltools.gnu-tools-for-stm32.10.3-2021.10.win32_1.0.200.202301161003/tools/bin/../lib/gcc/arm-none-eabi/10.3.1/../../../../arm-none-eabi/lib/thumb/v7e-m+fp/hard\libstdc++_nano.a(pure.o)
                0x000000000800af4c                __cxa_pure_virtual
 .text._ZNSaIcEC2Ev
                0x000000000800af52        0x2 c:/st/stm32cubeide_1.12.0/stm32cubeide/plugins/com.st.stm32cube.ide.mcu.externaltools.gnu-tools-for-stm32.10.3-2021.10.win32_1.0.200.202301161003/tools/bin/../lib/gcc/arm-none-eabi/10.3.1/../../../../arm-none-eabi/lib/thumb/v7e-m+fp/hard\libstdc++_nano.a(allocator-inst.o)
                0x000000000800af52                std::allocator<char>::allocator()
                0x000000000800af52                std::allocator<char>::allocator()
 .text._ZNSaIcED2Ev
                0x000000000800af54        0x2 c:/st/stm32cubeide_1.12.0/stm32cubeide/plugins/com.st.stm32cube.ide.mcu.externaltools.gnu-tools-for-stm32.10.3-2021.10.win32_1.0.200.202301161003/tools/bin/../lib/gcc/arm-none-eabi/10.3.1/../../../../arm-none-eabi/lib/thumb/v7e-m+fp/hard\libstdc++_nano.a(allocator-inst.o)
                0x000000000800af54                std::allocator<char>::~allocator()
                0x000000000800af54                std::allocator<char>::~allocator()
 .text.unlikely._ZSt17__throw_bad_allocv
                0x000000000800af56        0x6 c:/st/stm32cubeide_1.12.0/stm32cubeide/plugins/com.st.stm32cube.ide.mcu.externaltools.gnu-tools-for-stm32.10.3-2021.10.win32_1.0.200.202301161003/tools/bin/../lib/gcc/arm-none-eabi/10.3.1/../../../../arm-none-eabi/lib/thumb/v7e-m+fp/hard\libstdc++_nano.a(functexcept.o)
                0x000000000800af56                std::__throw_bad_alloc()
 .text.unlikely._ZSt19__throw_logic_errorPKc
                0x000000000800af5c        0x6 c:/st/stm32cubeide_1.12.0/stm32cubeide/plugins/com.st.stm32cube.ide.mcu.externaltools.gnu-tools-for-stm32.10.3-2021.10.win32_1.0.200.202301161003/tools/bin/../lib/gcc/arm-none-eabi/10.3.1/../../../../arm-none-eabi/lib/thumb/v7e-m+fp/hard\libstdc++_nano.a(functexcept.o)
                0x000000000800af5c                std::__throw_logic_error(char const*)
 .text.unlikely._ZSt20__throw_length_errorPKc
                0x000000000800af62        0x6 c:/st/stm32cubeide_1.12.0/stm32cubeide/plugins/com.st.stm32cube.ide.mcu.externaltools.gnu-tools-for-stm32.10.3-2021.10.win32_1.0.200.202301161003/tools/bin/../lib/gcc/arm-none-eabi/10.3.1/../../../../arm-none-eabi/lib/thumb/v7e-m+fp/hard\libstdc++_nano.a(functexcept.o)
                0x000000000800af62                std::__throw_length_error(char const*)
 .text._ZSt24__throw_out_of_range_fmtPKcz
                0x000000000800af68       0x38 c:/st/stm32cubeide_1.12.0/stm32cubeide/plugins/com.st.stm32cube.ide.mcu.externaltools.gnu-tools-for-stm32.10.3-2021.10.win32_1.0.200.202301161003/tools/bin/../lib/gcc/arm-none-eabi/10.3.1/../../../../arm-none-eabi/lib/thumb/v7e-m+fp/hard\libstdc++_nano.a(functexcept.o)
                0x000000000800af68                std::__throw_out_of_range_fmt(char const*, ...)
 .text._ZN9__gnu_cxx26__throw_insufficient_spaceEPKcS1_
                0x000000000800afa0       0x4c c:/st/stm32cubeide_1.12.0/stm32cubeide/plugins/com.st.stm32cube.ide.mcu.externaltools.gnu-tools-for-stm32.10.3-2021.10.win32_1.0.200.202301161003/tools/bin/../lib/gcc/arm-none-eabi/10.3.1/../../../../arm-none-eabi/lib/thumb/v7e-m+fp/hard\libstdc++_nano.a(snprintf_lite.o)
                0x000000000800afa0                __gnu_cxx::__throw_insufficient_space(char const*, char const*)
 .text._ZN9__gnu_cxx15__concat_size_tEPcjj
                0x000000000800afec       0x58 c:/st/stm32cubeide_1.12.0/stm32cubeide/plugins/com.st.stm32cube.ide.mcu.externaltools.gnu-tools-for-stm32.10.3-2021.10.win32_1.0.200.202301161003/tools/bin/../lib/gcc/arm-none-eabi/10.3.1/../../../../arm-none-eabi/lib/thumb/v7e-m+fp/hard\libstdc++_nano.a(snprintf_lite.o)
                0x000000000800afec                __gnu_cxx::__concat_size_t(char*, unsigned int, unsigned int)
 .text._ZN9__gnu_cxx15__snprintf_liteEPcjPKcSt9__va_list
                0x000000000800b044       0x82 c:/st/stm32cubeide_1.12.0/stm32cubeide/plugins/com.st.stm32cube.ide.mcu.externaltools.gnu-tools-for-stm32.10.3-2021.10.win32_1.0.200.202301161003/tools/bin/../lib/gcc/arm-none-eabi/10.3.1/../../../../arm-none-eabi/lib/thumb/v7e-m+fp/hard\libstdc++_nano.a(snprintf_lite.o)
                0x000000000800b044                __gnu_cxx::__snprintf_lite(char*, unsigned int, char const*, std::__va_list)
 .text._ZNSt11char_traitsIcE4copyEPcPKcj.isra.0
                0x000000000800b0c6        0x8 c:/st/stm32cubeide_1.12.0/stm32cubeide/plugins/com.st.stm32cube.ide.mcu.externaltools.gnu-tools-for-stm32.10.3-2021.10.win32_1.0.200.202301161003/tools/bin/../lib/gcc/arm-none-eabi/10.3.1/../../../../arm-none-eabi/lib/thumb/v7e-m+fp/hard\libstdc++_nano.a(string-inst.o)
 .text._ZNSt7__cxx1112basic_stringIcSt11char_traitsIcESaIcEE7_M_dataEPc
                0x000000000800b0ce        0x4 c:/st/stm32cubeide_1.12.0/stm32cubeide/plugins/com.st.stm32cube.ide.mcu.externaltools.gnu-tools-for-stm32.10.3-2021.10.win32_1.0.200.202301161003/tools/bin/../lib/gcc/arm-none-eabi/10.3.1/../../../../arm-none-eabi/lib/thumb/v7e-m+fp/hard\libstdc++_nano.a(string-inst.o)
                0x000000000800b0ce                std::__cxx11::basic_string<char, std::char_traits<char>, std::allocator<char> >::_M_data(char*)
 .text._ZNKSt7__cxx1112basic_stringIcSt11char_traitsIcESaIcEE7_M_dataEv
                0x000000000800b0d2        0x4 c:/st/stm32cubeide_1.12.0/stm32cubeide/plugins/com.st.stm32cube.ide.mcu.externaltools.gnu-tools-for-stm32.10.3-2021.10.win32_1.0.200.202301161003/tools/bin/../lib/gcc/arm-none-eabi/10.3.1/../../../../arm-none-eabi/lib/thumb/v7e-m+fp/hard\libstdc++_nano.a(string-inst.o)
                0x000000000800b0d2                std::__cxx11::basic_string<char, std::char_traits<char>, std::allocator<char> >::_M_data() const
 .text._ZNSt7__cxx1112basic_stringIcSt11char_traitsIcESaIcEE13_M_local_dataEv
                0x000000000800b0d6        0x4 c:/st/stm32cubeide_1.12.0/stm32cubeide/plugins/com.st.stm32cube.ide.mcu.externaltools.gnu-tools-for-stm32.10.3-2021.10.win32_1.0.200.202301161003/tools/bin/../lib/gcc/arm-none-eabi/10.3.1/../../../../arm-none-eabi/lib/thumb/v7e-m+fp/hard\libstdc++_nano.a(string-inst.o)
                0x000000000800b0d6                std::__cxx11::basic_string<char, std::char_traits<char>, std::allocator<char> >::_M_local_data()
 .text._ZNSt7__cxx1112basic_stringIcSt11char_traitsIcESaIcEE11_M_capacityEj
                0x000000000800b0da        0x4 c:/st/stm32cubeide_1.12.0/stm32cubeide/plugins/com.st.stm32cube.ide.mcu.externaltools.gnu-tools-for-stm32.10.3-2021.10.win32_1.0.200.202301161003/tools/bin/../lib/gcc/arm-none-eabi/10.3.1/../../../../arm-none-eabi/lib/thumb/v7e-m+fp/hard\libstdc++_nano.a(string-inst.o)
                0x000000000800b0da                std::__cxx11::basic_string<char, std::char_traits<char>, std::allocator<char> >::_M_capacity(unsigned int)
 .text._ZNSt7__cxx1112basic_stringIcSt11char_traitsIcESaIcEE13_M_set_lengthEj
                0x000000000800b0de        0xa c:/st/stm32cubeide_1.12.0/stm32cubeide/plugins/com.st.stm32cube.ide.mcu.externaltools.gnu-tools-for-stm32.10.3-2021.10.win32_1.0.200.202301161003/tools/bin/../lib/gcc/arm-none-eabi/10.3.1/../../../../arm-none-eabi/lib/thumb/v7e-m+fp/hard\libstdc++_nano.a(string-inst.o)
                0x000000000800b0de                std::__cxx11::basic_string<char, std::char_traits<char>, std::allocator<char> >::_M_set_length(unsigned int)
 .text._ZNSt7__cxx1112basic_stringIcSt11char_traitsIcESaIcEE9_M_createERjj
                0x000000000800b0e8       0x44 c:/st/stm32cubeide_1.12.0/stm32cubeide/plugins/com.st.stm32cube.ide.mcu.externaltools.gnu-tools-for-stm32.10.3-2021.10.win32_1.0.200.202301161003/tools/bin/../lib/gcc/arm-none-eabi/10.3.1/../../../../arm-none-eabi/lib/thumb/v7e-m+fp/hard\libstdc++_nano.a(string-inst.o)
                0x000000000800b0e8                std::__cxx11::basic_string<char, std::char_traits<char>, std::allocator<char> >::_M_create(unsigned int&, unsigned int)
 .text._ZNSt7__cxx1112basic_stringIcSt11char_traitsIcESaIcEE10_M_disposeEv
                0x000000000800b12c       0x10 c:/st/stm32cubeide_1.12.0/stm32cubeide/plugins/com.st.stm32cube.ide.mcu.externaltools.gnu-tools-for-stm32.10.3-2021.10.win32_1.0.200.202301161003/tools/bin/../lib/gcc/arm-none-eabi/10.3.1/../../../../arm-none-eabi/lib/thumb/v7e-m+fp/hard\libstdc++_nano.a(string-inst.o)
                0x000000000800b12c                std::__cxx11::basic_string<char, std::char_traits<char>, std::allocator<char> >::_M_dispose()
 .text._ZNKSt7__cxx1112basic_stringIcSt11char_traitsIcESaIcEE8_M_checkEjPKc
                0x000000000800b13c       0x1c c:/st/stm32cubeide_1.12.0/stm32cubeide/plugins/com.st.stm32cube.ide.mcu.externaltools.gnu-tools-for-stm32.10.3-2021.10.win32_1.0.200.202301161003/tools/bin/../lib/gcc/arm-none-eabi/10.3.1/../../../../arm-none-eabi/lib/thumb/v7e-m+fp/hard\libstdc++_nano.a(string-inst.o)
                0x000000000800b13c                std::__cxx11::basic_string<char, std::char_traits<char>, std::allocator<char> >::_M_check(unsigned int, char const*) const
 .text._ZNKSt7__cxx1112basic_stringIcSt11char_traitsIcESaIcEE15_M_check_lengthEjjPKc
                0x000000000800b158       0x18 c:/st/stm32cubeide_1.12.0/stm32cubeide/plugins/com.st.stm32cube.ide.mcu.externaltools.gnu-tools-for-stm32.10.3-2021.10.win32_1.0.200.202301161003/tools/bin/../lib/gcc/arm-none-eabi/10.3.1/../../../../arm-none-eabi/lib/thumb/v7e-m+fp/hard\libstdc++_nano.a(string-inst.o)
                0x000000000800b158                std::__cxx11::basic_string<char, std::char_traits<char>, std::allocator<char> >::_M_check_length(unsigned int, unsigned int, char const*) const
 .text._ZNKSt7__cxx1112basic_stringIcSt11char_traitsIcESaIcEE11_M_disjunctEPKc
                0x000000000800b170       0x18 c:/st/stm32cubeide_1.12.0/stm32cubeide/plugins/com.st.stm32cube.ide.mcu.externaltools.gnu-tools-for-stm32.10.3-2021.10.win32_1.0.200.202301161003/tools/bin/../lib/gcc/arm-none-eabi/10.3.1/../../../../arm-none-eabi/lib/thumb/v7e-m+fp/hard\libstdc++_nano.a(string-inst.o)
                0x000000000800b170                std::__cxx11::basic_string<char, std::char_traits<char>, std::allocator<char> >::_M_disjunct(char const*) const
 .text._ZNSt7__cxx1112basic_stringIcSt11char_traitsIcESaIcEE7_S_copyEPcPKcj
                0x000000000800b188       0x18 c:/st/stm32cubeide_1.12.0/stm32cubeide/plugins/com.st.stm32cube.ide.mcu.externaltools.gnu-tools-for-stm32.10.3-2021.10.win32_1.0.200.202301161003/tools/bin/../lib/gcc/arm-none-eabi/10.3.1/../../../../arm-none-eabi/lib/thumb/v7e-m+fp/hard\libstdc++_nano.a(string-inst.o)
                0x000000000800b188                std::__cxx11::basic_string<char, std::char_traits<char>, std::allocator<char> >::_S_copy(char*, char const*, unsigned int)
 .text._ZNSt7__cxx1112basic_stringIcSt11char_traitsIcESaIcEE7_S_moveEPcPKcj
                0x000000000800b1a0       0x18 c:/st/stm32cubeide_1.12.0/stm32cubeide/plugins/com.st.stm32cube.ide.mcu.externaltools.gnu-tools-for-stm32.10.3-2021.10.win32_1.0.200.202301161003/tools/bin/../lib/gcc/arm-none-eabi/10.3.1/../../../../arm-none-eabi/lib/thumb/v7e-m+fp/hard\libstdc++_nano.a(string-inst.o)
                0x000000000800b1a0                std::__cxx11::basic_string<char, std::char_traits<char>, std::allocator<char> >::_S_move(char*, char const*, unsigned int)
 .text._ZNSt7__cxx1112basic_stringIcSt11char_traitsIcESaIcEE13_S_copy_charsEPcS5_S5_
                0x000000000800b1b8        0xa c:/st/stm32cubeide_1.12.0/stm32cubeide/plugins/com.st.stm32cube.ide.mcu.externaltools.gnu-tools-for-stm32.10.3-2021.10.win32_1.0.200.202301161003/tools/bin/../lib/gcc/arm-none-eabi/10.3.1/../../../../arm-none-eabi/lib/thumb/v7e-m+fp/hard\libstdc++_nano.a(string-inst.o)
                0x000000000800b1b8                std::__cxx11::basic_string<char, std::char_traits<char>, std::allocator<char> >::_S_copy_chars(char*, char*, char*)
 .text._ZNSt7__cxx1112basic_stringIcSt11char_traitsIcESaIcEE13_S_copy_charsEPcPKcS7_
                0x000000000800b1c2        0xa c:/st/stm32cubeide_1.12.0/stm32cubeide/plugins/com.st.stm32cube.ide.mcu.externaltools.gnu-tools-for-stm32.10.3-2021.10.win32_1.0.200.202301161003/tools/bin/../lib/gcc/arm-none-eabi/10.3.1/../../../../arm-none-eabi/lib/thumb/v7e-m+fp/hard\libstdc++_nano.a(string-inst.o)
                0x000000000800b1c2                std::__cxx11::basic_string<char, std::char_traits<char>, std::allocator<char> >::_S_copy_chars(char*, char const*, char const*)
 .text._ZNSt7__cxx1112basic_stringIcSt11char_traitsIcESaIcEE9_M_mutateEjjPKcj
                0x000000000800b1cc       0x78 c:/st/stm32cubeide_1.12.0/stm32cubeide/plugins/com.st.stm32cube.ide.mcu.externaltools.gnu-tools-for-stm32.10.3-2021.10.win32_1.0.200.202301161003/tools/bin/../lib/gcc/arm-none-eabi/10.3.1/../../../../arm-none-eabi/lib/thumb/v7e-m+fp/hard\libstdc++_nano.a(string-inst.o)
                0x000000000800b1cc                std::__cxx11::basic_string<char, std::char_traits<char>, std::allocator<char> >::_M_mutate(unsigned int, unsigned int, char const*, unsigned int)
 .text._ZNSt7__cxx1112basic_stringIcSt11char_traitsIcESaIcEEC2EOS4_
                0x000000000800b244       0x34 c:/st/stm32cubeide_1.12.0/stm32cubeide/plugins/com.st.stm32cube.ide.mcu.externaltools.gnu-tools-for-stm32.10.3-2021.10.win32_1.0.200.202301161003/tools/bin/../lib/gcc/arm-none-eabi/10.3.1/../../../../arm-none-eabi/lib/thumb/v7e-m+fp/hard\libstdc++_nano.a(string-inst.o)
                0x000000000800b244                std::__cxx11::basic_string<char, std::char_traits<char>, std::allocator<char> >::basic_string(std::__cxx11::basic_string<char, std::char_traits<char>, std::allocator<char> >&&)
                0x000000000800b244                std::__cxx11::basic_string<char, std::char_traits<char>, std::allocator<char> >::basic_string(std::__cxx11::basic_string<char, std::char_traits<char>, std::allocator<char> >&&)
 .text._ZNSt7__cxx1112basic_stringIcSt11char_traitsIcESaIcEED2Ev
                0x000000000800b278        0xc c:/st/stm32cubeide_1.12.0/stm32cubeide/plugins/com.st.stm32cube.ide.mcu.externaltools.gnu-tools-for-stm32.10.3-2021.10.win32_1.0.200.202301161003/tools/bin/../lib/gcc/arm-none-eabi/10.3.1/../../../../arm-none-eabi/lib/thumb/v7e-m+fp/hard\libstdc++_nano.a(string-inst.o)
                0x000000000800b278                std::__cxx11::basic_string<char, std::char_traits<char>, std::allocator<char> >::~basic_string()
                0x000000000800b278                std::__cxx11::basic_string<char, std::char_traits<char>, std::allocator<char> >::~basic_string()
 .text._ZNSt7__cxx1112basic_stringIcSt11char_traitsIcESaIcEEaSEOS4_
                0x000000000800b284       0x50 c:/st/stm32cubeide_1.12.0/stm32cubeide/plugins/com.st.stm32cube.ide.mcu.externaltools.gnu-tools-for-stm32.10.3-2021.10.win32_1.0.200.202301161003/tools/bin/../lib/gcc/arm-none-eabi/10.3.1/../../../../arm-none-eabi/lib/thumb/v7e-m+fp/hard\libstdc++_nano.a(string-inst.o)
                0x000000000800b284                std::__cxx11::basic_string<char, std::char_traits<char>, std::allocator<char> >::operator=(std::__cxx11::basic_string<char, std::char_traits<char>, std::allocator<char> >&&)
 .text._ZNSt7__cxx1112basic_stringIcSt11char_traitsIcESaIcEEixEj
                0x000000000800b2d4        0x6 c:/st/stm32cubeide_1.12.0/stm32cubeide/plugins/com.st.stm32cube.ide.mcu.externaltools.gnu-tools-for-stm32.10.3-2021.10.win32_1.0.200.202301161003/tools/bin/../lib/gcc/arm-none-eabi/10.3.1/../../../../arm-none-eabi/lib/thumb/v7e-m+fp/hard\libstdc++_nano.a(string-inst.o)
                0x000000000800b2d4                std::__cxx11::basic_string<char, std::char_traits<char>, std::allocator<char> >::operator[](unsigned int)
 *fill*         0x000000000800b2da        0x2 
 .text._ZNSt7__cxx1112basic_stringIcSt11char_traitsIcESaIcEE10_M_replaceEjjPKcj
                0x000000000800b2dc       0xfc c:/st/stm32cubeide_1.12.0/stm32cubeide/plugins/com.st.stm32cube.ide.mcu.externaltools.gnu-tools-for-stm32.10.3-2021.10.win32_1.0.200.202301161003/tools/bin/../lib/gcc/arm-none-eabi/10.3.1/../../../../arm-none-eabi/lib/thumb/v7e-m+fp/hard\libstdc++_nano.a(string-inst.o)
                0x000000000800b2dc                std::__cxx11::basic_string<char, std::char_traits<char>, std::allocator<char> >::_M_replace(unsigned int, unsigned int, char const*, unsigned int)
 .text._ZNSt7__cxx1112basic_stringIcSt11char_traitsIcESaIcEE6assignEPKc
                0x000000000800b3d8       0x1e c:/st/stm32cubeide_1.12.0/stm32cubeide/plugins/com.st.stm32cube.ide.mcu.externaltools.gnu-tools-for-stm32.10.3-2021.10.win32_1.0.200.202301161003/tools/bin/../lib/gcc/arm-none-eabi/10.3.1/../../../../arm-none-eabi/lib/thumb/v7e-m+fp/hard\libstdc++_nano.a(string-inst.o)
                0x000000000800b3d8                std::__cxx11::basic_string<char, std::char_traits<char>, std::allocator<char> >::assign(char const*)
 .text._ZNSt7__cxx1112basic_stringIcSt11char_traitsIcESaIcEEaSEPKc
                0x000000000800b3f6        0x8 c:/st/stm32cubeide_1.12.0/stm32cubeide/plugins/com.st.stm32cube.ide.mcu.externaltools.gnu-tools-for-stm32.10.3-2021.10.win32_1.0.200.202301161003/tools/bin/../lib/gcc/arm-none-eabi/10.3.1/../../../../arm-none-eabi/lib/thumb/v7e-m+fp/hard\libstdc++_nano.a(string-inst.o)
                0x000000000800b3f6                std::__cxx11::basic_string<char, std::char_traits<char>, std::allocator<char> >::operator=(char const*)
 *fill*         0x000000000800b3fe        0x2 
 .text._ZNSt7__cxx1112basic_stringIcSt11char_traitsIcESaIcEE7replaceEjjPKcj
                0x000000000800b400       0x30 c:/st/stm32cubeide_1.12.0/stm32cubeide/plugins/com.st.stm32cube.ide.mcu.externaltools.gnu-tools-for-stm32.10.3-2021.10.win32_1.0.200.202301161003/tools/bin/../lib/gcc/arm-none-eabi/10.3.1/../../../../arm-none-eabi/lib/thumb/v7e-m+fp/hard\libstdc++_nano.a(string-inst.o)
                0x000000000800b400                std::__cxx11::basic_string<char, std::char_traits<char>, std::allocator<char> >::replace(unsigned int, unsigned int, char const*, unsigned int)
 .text._ZNSt7__cxx1112basic_stringIcSt11char_traitsIcESaIcEE6insertEjPKc
                0x000000000800b430       0x20 c:/st/stm32cubeide_1.12.0/stm32cubeide/plugins/com.st.stm32cube.ide.mcu.externaltools.gnu-tools-for-stm32.10.3-2021.10.win32_1.0.200.202301161003/tools/bin/../lib/gcc/arm-none-eabi/10.3.1/../../../../arm-none-eabi/lib/thumb/v7e-m+fp/hard\libstdc++_nano.a(string-inst.o)
                0x000000000800b430                std::__cxx11::basic_string<char, std::char_traits<char>, std::allocator<char> >::insert(unsigned int, char const*)
 .text._ZNSt7__cxx1112basic_stringIcSt11char_traitsIcESaIcEE9_M_appendEPKcj
                0x000000000800b450       0x44 c:/st/stm32cubeide_1.12.0/stm32cubeide/plugins/com.st.stm32cube.ide.mcu.externaltools.gnu-tools-for-stm32.10.3-2021.10.win32_1.0.200.202301161003/tools/bin/../lib/gcc/arm-none-eabi/10.3.1/../../../../arm-none-eabi/lib/thumb/v7e-m+fp/hard\libstdc++_nano.a(string-inst.o)
                0x000000000800b450                std::__cxx11::basic_string<char, std::char_traits<char>, std::allocator<char> >::_M_append(char const*, unsigned int)
 .text._ZNSt7__cxx1112basic_stringIcSt11char_traitsIcESaIcEE6appendEPKc
                0x000000000800b494       0x2c c:/st/stm32cubeide_1.12.0/stm32cubeide/plugins/com.st.stm32cube.ide.mcu.externaltools.gnu-tools-for-stm32.10.3-2021.10.win32_1.0.200.202301161003/tools/bin/../lib/gcc/arm-none-eabi/10.3.1/../../../../arm-none-eabi/lib/thumb/v7e-m+fp/hard\libstdc++_nano.a(string-inst.o)
                0x000000000800b494                std::__cxx11::basic_string<char, std::char_traits<char>, std::allocator<char> >::append(char const*)
 .text._ZNKSt7__cxx1112basic_stringIcSt11char_traitsIcESaIcEE5c_strEv
                0x000000000800b4c0        0x4 c:/st/stm32cubeide_1.12.0/stm32cubeide/plugins/com.st.stm32cube.ide.mcu.externaltools.gnu-tools-for-stm32.10.3-2021.10.win32_1.0.200.202301161003/tools/bin/../lib/gcc/arm-none-eabi/10.3.1/../../../../arm-none-eabi/lib/thumb/v7e-m+fp/hard\libstdc++_nano.a(string-inst.o)
                0x000000000800b4c0                std::__cxx11::basic_string<char, std::char_traits<char>, std::allocator<char> >::c_str() const
 .text._ZNSt7__cxx1112basic_stringIcSt11char_traitsIcESaIcEE12_Alloc_hiderC2EPcRKS3_
                0x000000000800b4c4        0x4 c:/st/stm32cubeide_1.12.0/stm32cubeide/plugins/com.st.stm32cube.ide.mcu.externaltools.gnu-tools-for-stm32.10.3-2021.10.win32_1.0.200.202301161003/tools/bin/../lib/gcc/arm-none-eabi/10.3.1/../../../../arm-none-eabi/lib/thumb/v7e-m+fp/hard\libstdc++_nano.a(string-inst.o)
                0x000000000800b4c4                std::__cxx11::basic_string<char, std::char_traits<char>, std::allocator<char> >::_Alloc_hider::_Alloc_hider(char*, std::allocator<char> const&)
                0x000000000800b4c4                std::__cxx11::basic_string<char, std::char_traits<char>, std::allocator<char> >::_Alloc_hider::_Alloc_hider(char*, std::allocator<char> const&)
 .text._ZNSt7__cxx1112basic_stringIcSt11char_traitsIcESaIcEE12_M_constructIPKcEEvT_S8_St20forward_iterator_tag
                0x000000000800b4c8       0x48 c:/st/stm32cubeide_1.12.0/stm32cubeide/plugins/com.st.stm32cube.ide.mcu.externaltools.gnu-tools-for-stm32.10.3-2021.10.win32_1.0.200.202301161003/tools/bin/../lib/gcc/arm-none-eabi/10.3.1/../../../../arm-none-eabi/lib/thumb/v7e-m+fp/hard\libstdc++_nano.a(string-inst.o)
                0x000000000800b4c8                void std::__cxx11::basic_string<char, std::char_traits<char>, std::allocator<char> >::_M_construct<char const*>(char const*, char const*, std::forward_iterator_tag)